[INFO] Job started: _Lpx128_Lpy128_Lpz128_npx128_npy128_npz128_zTop54_zBot-54_spacing5_ratio1_FontX16_FontY16_matsteel_wordMUON_stroke2 | seed=672342053
[INFO] Running Geant4 simulation...
[1;34m ____  _____  __  __  __  __  __    ___    __    ____     ___  ____  __  __  __  __  __      __   ____  _____  ____   
(_  _)(  _  )(  \/  )(  )(  )(  )  / __)  /__\  (  _ \   / __)(_  _)(  \/  )(  )(  )(  )    /__\ (_  _)(  _  )(  _ \  
  )(   )(_)(  )    (  )(__)(  )(__( (_-. /(__)\  )(_) )  \__ \ _)(_  )    (  )(__)(  )(__  /(__)\  )(   )(_)(  )   /  
 (__) (_____)(_/\/\_)(______)(____)\___/(__)(__)(____/   (___/(____)(_/\/\_)(______)(____)(__)(__)(__) (_____)(_)\_)  
[0m

**************************************************************
 Geant4 version Name: geant4-11-02-patch-01 [MT]   (16-February-2024)
                       Copyright : Geant4 Collaboration
                      References : NIM A 506 (2003), 250-303
                                 : IEEE-TNS 53 (2006), 270-278
                                 : NIM A 835 (2016), 186-225
                             WWW : http://geant4.org/
**************************************************************

DEBUG: Lectura de archivo completada. Iniciando parser...
DEBUG: Parser exitoso. Accediendo a los datos...
DEBUG: Mundo y detectores cargados correctamente.
[1;34mLoaded 384 voxels from JSON configuration file.[0m
DEBUG: Constructor finalizado con éxito.
[1;34m---------------------------------------Geometry information-----------------------------------[0m
[1;34mThe loaded geometry is as follows: 
[1;34mThe world is contained in [-64, 64]x[-64, 64]x[-64, 64]
[1;34mDetector[0m
[1;34mLocation x: 0, y: 0, z: 54
[1;34mRotation x: 0, y: 0, z: 0
[1;34mSizes x: 128, y: 128, z: 20
[1;34mNumber of layers 2
[1;34mLayer[0m
[1;34mLocation x: 0, y: 0, z: 0
[1;34mRotation x: 0, y: 0, z: 0
[1;34mSizes x: 128, y: 128, z: 1
[0m
[1;34mLayer[0m
[1;34mLocation x: 0, y: 0, z: -10
[1;34mRotation x: 0, y: 0, z: 0
[1;34mSizes x: 128, y: 128, z: 1
[0m
[0m
[1;34mDetector[0m
[1;34mLocation x: 0, y: 0, z: -54
[1;34mRotation x: 0, y: 0, z: 0
[1;34mSizes x: 128, y: 128, z: 20
[1;34mNumber of layers 2
[1;34mLayer[0m
[1;34mLocation x: 0, y: 0, z: 0
[1;34mRotation x: 0, y: 0, z: 0
[1;34mSizes x: 128, y: 128, z: 1
[0m
[1;34mLayer[0m
[1;34mLocation x: 0, y: 0, z: 10
[1;34mRotation x: 0, y: 0, z: 0
[1;34mSizes x: 128, y: 128, z: 1
[0m
[0m
[1;34mNumber of voxels: 384[0m
  Voxel 0  pos=(-39.5, -7.5, 0.5) cm  xSize=1 cm  ySize=1 cm  zSize=1 cm  mat=steel
  Voxel 1  pos=(-38.5, -7.5, 0.5) cm  xSize=1 cm  ySize=1 cm  zSize=1 cm  mat=steel
  Voxel 2  pos=(-25.5, -7.5, 0.5) cm  xSize=1 cm  ySize=1 cm  zSize=1 cm  mat=steel
  Voxel 3  pos=(-24.5, -7.5, 0.5) cm  xSize=1 cm  ySize=1 cm  zSize=1 cm  mat=steel
  Voxel 4  pos=(-11.5, -7.5, 0.5) cm  xSize=1 cm  ySize=1 cm  zSize=1 cm  mat=steel
  Voxel 5  pos=(-10.5, -7.5, 0.5) cm  xSize=1 cm  ySize=1 cm  zSize=1 cm  mat=steel
  Voxel 6  pos=(23.5, -7.5, 0.5) cm  xSize=1 cm  ySize=1 cm  zSize=1 cm  mat=steel
  Voxel 7  pos=(24.5, -7.5, 0.5) cm  xSize=1 cm  ySize=1 cm  zSize=1 cm  mat=steel
  Voxel 8  pos=(37.5, -7.5, 0.5) cm  xSize=1 cm  ySize=1 cm  zSize=1 cm  mat=steel
  Voxel 9  pos=(38.5, -7.5, 0.5) cm  xSize=1 cm  ySize=1 cm  zSize=1 cm  mat=steel
  Voxel 10  pos=(-39.5, -6.5, 0.5) cm  xSize=1 cm  ySize=1 cm  zSize=1 cm  mat=steel
  Voxel 11  pos=(-38.5, -6.5, 0.5) cm  xSize=1 cm  ySize=1 cm  zSize=1 cm  mat=steel
  Voxel 12  pos=(-25.5, -6.5, 0.5) cm  xSize=1 cm  ySize=1 cm  zSize=1 cm  mat=steel
  Voxel 13  pos=(-24.5, -6.5, 0.5) cm  xSize=1 cm  ySize=1 cm  zSize=1 cm  mat=steel
  Voxel 14  pos=(-14.5, -6.5, 0.5) cm  xSize=1 cm  ySize=1 cm  zSize=1 cm  mat=steel
  Voxel 15  pos=(-13.5, -6.5, 0.5) cm  xSize=1 cm  ySize=1 cm  zSize=1 cm  mat=steel
  Voxel 16  pos=(-12.5, -6.5, 0.5) cm  xSize=1 cm  ySize=1 cm  zSize=1 cm  mat=steel
  Voxel 17  pos=(-11.5, -6.5, 0.5) cm  xSize=1 cm  ySize=1 cm  zSize=1 cm  mat=steel
  Voxel 18  pos=(-10.5, -6.5, 0.5) cm  xSize=1 cm  ySize=1 cm  zSize=1 cm  mat=steel
  Voxel 19  pos=(-9.5, -6.5, 0.5) cm  xSize=1 cm  ySize=1 cm  zSize=1 cm  mat=steel
  Voxel 20  pos=(-8.5, -6.5, 0.5) cm  xSize=1 cm  ySize=1 cm  zSize=1 cm  mat=steel
  Voxel 21  pos=(-7.5, -6.5, 0.5) cm  xSize=1 cm  ySize=1 cm  zSize=1 cm  mat=steel
  Voxel 22  pos=(23.5, -6.5, 0.5) cm  xSize=1 cm  ySize=1 cm  zSize=1 cm  mat=steel
  Voxel 23  pos=(24.5, -6.5, 0.5) cm  xSize=1 cm  ySize=1 cm  zSize=1 cm  mat=steel
  Voxel 24  pos=(36.5, -6.5, 0.5) cm  xSize=1 cm  ySize=1 cm  zSize=1 cm  mat=steel
  Voxel 25  pos=(37.5, -6.5, 0.5) cm  xSize=1 cm  ySize=1 cm  zSize=1 cm  mat=steel
  Voxel 26  pos=(38.5, -6.5, 0.5) cm  xSize=1 cm  ySize=1 cm  zSize=1 cm  mat=steel
  Voxel 27  pos=(-39.5, -5.5, 0.5) cm  xSize=1 cm  ySize=1 cm  zSize=1 cm  mat=steel
  Voxel 28  pos=(-38.5, -5.5, 0.5) cm  xSize=1 cm  ySize=1 cm  zSize=1 cm  mat=steel
  Voxel 29  pos=(-25.5, -5.5, 0.5) cm  xSize=1 cm  ySize=1 cm  zSize=1 cm  mat=steel
  Voxel 30  pos=(-24.5, -5.5, 0.5) cm  xSize=1 cm  ySize=1 cm  zSize=1 cm  mat=steel
  Voxel 31  pos=(-15.5, -5.5, 0.5) cm  xSize=1 cm  ySize=1 cm  zSize=1 cm  mat=steel
  Voxel 32  pos=(-14.5, -5.5, 0.5) cm  xSize=1 cm  ySize=1 cm  zSize=1 cm  mat=steel
  Voxel 33  pos=(-13.5, -5.5, 0.5) cm  xSize=1 cm  ySize=1 cm  zSize=1 cm  mat=steel
  Voxel 34  pos=(-12.5, -5.5, 0.5) cm  xSize=1 cm  ySize=1 cm  zSize=1 cm  mat=steel
  Voxel 35  pos=(-11.5, -5.5, 0.5) cm  xSize=1 cm  ySize=1 cm  zSize=1 cm  mat=steel
  Voxel 36  pos=(-10.5, -5.5, 0.5) cm  xSize=1 cm  ySize=1 cm  zSize=1 cm  mat=steel
  Voxel 37  pos=(-9.5, -5.5, 0.5) cm  xSize=1 cm  ySize=1 cm  zSize=1 cm  mat=steel
  Voxel 38  pos=(-8.5, -5.5, 0.5) cm  xSize=1 cm  ySize=1 cm  zSize=1 cm  mat=steel
  Voxel 39  pos=(-7.5, -5.5, 0.5) cm  xSize=1 cm  ySize=1 cm  zSize=1 cm  mat=steel
  Voxel 40  pos=(-6.5, -5.5, 0.5) cm  xSize=1 cm  ySize=1 cm  zSize=1 cm  mat=steel
  Voxel 41  pos=(6.5, -5.5, 0.5) cm  xSize=1 cm  ySize=1 cm  zSize=1 cm  mat=steel
  Voxel 42  pos=(7.5, -5.5, 0.5) cm  xSize=1 cm  ySize=1 cm  zSize=1 cm  mat=steel
  Voxel 43  pos=(8.5, -5.5, 0.5) cm  xSize=1 cm  ySize=1 cm  zSize=1 cm  mat=steel
  Voxel 44  pos=(9.5, -5.5, 0.5) cm  xSize=1 cm  ySize=1 cm  zSize=1 cm  mat=steel
  Voxel 45  pos=(10.5, -5.5, 0.5) cm  xSize=1 cm  ySize=1 cm  zSize=1 cm  mat=steel
  Voxel 46  pos=(11.5, -5.5, 0.5) cm  xSize=1 cm  ySize=1 cm  zSize=1 cm  mat=steel
  Voxel 47  pos=(12.5, -5.5, 0.5) cm  xSize=1 cm  ySize=1 cm  zSize=1 cm  mat=steel
  Voxel 48  pos=(13.5, -5.5, 0.5) cm  xSize=1 cm  ySize=1 cm  zSize=1 cm  mat=steel
  Voxel 49  pos=(23.5, -5.5, 0.5) cm  xSize=1 cm  ySize=1 cm  zSize=1 cm  mat=steel
  Voxel 50  pos=(24.5, -5.5, 0.5) cm  xSize=1 cm  ySize=1 cm  zSize=1 cm  mat=steel
  Voxel 51  pos=(35.5, -5.5, 0.5) cm  xSize=1 cm  ySize=1 cm  zSize=1 cm  mat=steel
  Voxel 52  pos=(36.5, -5.5, 0.5) cm  xSize=1 cm  ySize=1 cm  zSize=1 cm  mat=steel
  Voxel 53  pos=(37.5, -5.5, 0.5) cm  xSize=1 cm  ySize=1 cm  zSize=1 cm  mat=steel
  Voxel 54  pos=(38.5, -5.5, 0.5) cm  xSize=1 cm  ySize=1 cm  zSize=1 cm  mat=steel
  Voxel 55  pos=(-39.5, -4.5, 0.5) cm  xSize=1 cm  ySize=1 cm  zSize=1 cm  mat=steel
  Voxel 56  pos=(-38.5, -4.5, 0.5) cm  xSize=1 cm  ySize=1 cm  zSize=1 cm  mat=steel
  Voxel 57  pos=(-25.5, -4.5, 0.5) cm  xSize=1 cm  ySize=1 cm  zSize=1 cm  mat=steel
  Voxel 58  pos=(-24.5, -4.5, 0.5) cm  xSize=1 cm  ySize=1 cm  zSize=1 cm  mat=steel
  Voxel 59  pos=(-16.5, -4.5, 0.5) cm  xSize=1 cm  ySize=1 cm  zSize=1 cm  mat=steel
  Voxel 60  pos=(-15.5, -4.5, 0.5) cm  xSize=1 cm  ySize=1 cm  zSize=1 cm  mat=steel
  Voxel 61  pos=(-14.5, -4.5, 0.5) cm  xSize=1 cm  ySize=1 cm  zSize=1 cm  mat=steel
  Voxel 62  pos=(-13.5, -4.5, 0.5) cm  xSize=1 cm  ySize=1 cm  zSize=1 cm  mat=steel
  Voxel 63  pos=(-8.5, -4.5, 0.5) cm  xSize=1 cm  ySize=1 cm  zSize=1 cm  mat=steel
  Voxel 64  pos=(-7.5, -4.5, 0.5) cm  xSize=1 cm  ySize=1 cm  zSize=1 cm  mat=steel
  Voxel 65  pos=(-6.5, -4.5, 0.5) cm  xSize=1 cm  ySize=1 cm  zSize=1 cm  mat=steel
  Voxel 66  pos=(-5.5, -4.5, 0.5) cm  xSize=1 cm  ySize=1 cm  zSize=1 cm  mat=steel
  Voxel 67  pos=(4.5, -4.5, 0.5) cm  xSize=1 cm  ySize=1 cm  zSize=1 cm  mat=steel
  Voxel 68  pos=(5.5, -4.5, 0.5) cm  xSize=1 cm  ySize=1 cm  zSize=1 cm  mat=steel
  Voxel 69  pos=(6.5, -4.5, 0.5) cm  xSize=1 cm  ySize=1 cm  zSize=1 cm  mat=steel
  Voxel 70  pos=(7.5, -4.5, 0.5) cm  xSize=1 cm  ySize=1 cm  zSize=1 cm  mat=steel
  Voxel 71  pos=(8.5, -4.5, 0.5) cm  xSize=1 cm  ySize=1 cm  zSize=1 cm  mat=steel
  Voxel 72  pos=(9.5, -4.5, 0.5) cm  xSize=1 cm  ySize=1 cm  zSize=1 cm  mat=steel
  Voxel 73  pos=(10.5, -4.5, 0.5) cm  xSize=1 cm  ySize=1 cm  zSize=1 cm  mat=steel
  Voxel 74  pos=(11.5, -4.5, 0.5) cm  xSize=1 cm  ySize=1 cm  zSize=1 cm  mat=steel
  Voxel 75  pos=(12.5, -4.5, 0.5) cm  xSize=1 cm  ySize=1 cm  zSize=1 cm  mat=steel
  Voxel 76  pos=(13.5, -4.5, 0.5) cm  xSize=1 cm  ySize=1 cm  zSize=1 cm  mat=steel
  Voxel 77  pos=(14.5, -4.5, 0.5) cm  xSize=1 cm  ySize=1 cm  zSize=1 cm  mat=steel
  Voxel 78  pos=(15.5, -4.5, 0.5) cm  xSize=1 cm  ySize=1 cm  zSize=1 cm  mat=steel
  Voxel 79  pos=(23.5, -4.5, 0.5) cm  xSize=1 cm  ySize=1 cm  zSize=1 cm  mat=steel
  Voxel 80  pos=(24.5, -4.5, 0.5) cm  xSize=1 cm  ySize=1 cm  zSize=1 cm  mat=steel
  Voxel 81  pos=(34.5, -4.5, 0.5) cm  xSize=1 cm  ySize=1 cm  zSize=1 cm  mat=steel
  Voxel 82  pos=(35.5, -4.5, 0.5) cm  xSize=1 cm  ySize=1 cm  zSize=1 cm  mat=steel
  Voxel 83  pos=(36.5, -4.5, 0.5) cm  xSize=1 cm  ySize=1 cm  zSize=1 cm  mat=steel
  Voxel 84  pos=(37.5, -4.5, 0.5) cm  xSize=1 cm  ySize=1 cm  zSize=1 cm  mat=steel
  Voxel 85  pos=(38.5, -4.5, 0.5) cm  xSize=1 cm  ySize=1 cm  zSize=1 cm  mat=steel
  Voxel 86  pos=(-39.5, -3.5, 0.5) cm  xSize=1 cm  ySize=1 cm  zSize=1 cm  mat=steel
  Voxel 87  pos=(-38.5, -3.5, 0.5) cm  xSize=1 cm  ySize=1 cm  zSize=1 cm  mat=steel
  Voxel 88  pos=(-25.5, -3.5, 0.5) cm  xSize=1 cm  ySize=1 cm  zSize=1 cm  mat=steel
  Voxel 89  pos=(-24.5, -3.5, 0.5) cm  xSize=1 cm  ySize=1 cm  zSize=1 cm  mat=steel
  Voxel 90  pos=(-17.5, -3.5, 0.5) cm  xSize=1 cm  ySize=1 cm  zSize=1 cm  mat=steel
  Voxel 91  pos=(-16.5, -3.5, 0.5) cm  xSize=1 cm  ySize=1 cm  zSize=1 cm  mat=steel
  Voxel 92  pos=(-15.5, -3.5, 0.5) cm  xSize=1 cm  ySize=1 cm  zSize=1 cm  mat=steel
  Voxel 93  pos=(-6.5, -3.5, 0.5) cm  xSize=1 cm  ySize=1 cm  zSize=1 cm  mat=steel
  Voxel 94  pos=(-5.5, -3.5, 0.5) cm  xSize=1 cm  ySize=1 cm  zSize=1 cm  mat=steel
  Voxel 95  pos=(-4.5, -3.5, 0.5) cm  xSize=1 cm  ySize=1 cm  zSize=1 cm  mat=steel
  Voxel 96  pos=(3.5, -3.5, 0.5) cm  xSize=1 cm  ySize=1 cm  zSize=1 cm  mat=steel
  Voxel 97  pos=(4.5, -3.5, 0.5) cm  xSize=1 cm  ySize=1 cm  zSize=1 cm  mat=steel
  Voxel 98  pos=(5.5, -3.5, 0.5) cm  xSize=1 cm  ySize=1 cm  zSize=1 cm  mat=steel
  Voxel 99  pos=(6.5, -3.5, 0.5) cm  xSize=1 cm  ySize=1 cm  zSize=1 cm  mat=steel
  Voxel 100  pos=(7.5, -3.5, 0.5) cm  xSize=1 cm  ySize=1 cm  zSize=1 cm  mat=steel
  Voxel 101  pos=(8.5, -3.5, 0.5) cm  xSize=1 cm  ySize=1 cm  zSize=1 cm  mat=steel
  Voxel 102  pos=(9.5, -3.5, 0.5) cm  xSize=1 cm  ySize=1 cm  zSize=1 cm  mat=steel
  Voxel 103  pos=(10.5, -3.5, 0.5) cm  xSize=1 cm  ySize=1 cm  zSize=1 cm  mat=steel
  Voxel 104  pos=(11.5, -3.5, 0.5) cm  xSize=1 cm  ySize=1 cm  zSize=1 cm  mat=steel
  Voxel 105  pos=(12.5, -3.5, 0.5) cm  xSize=1 cm  ySize=1 cm  zSize=1 cm  mat=steel
  Voxel 106  pos=(13.5, -3.5, 0.5) cm  xSize=1 cm  ySize=1 cm  zSize=1 cm  mat=steel
  Voxel 107  pos=(14.5, -3.5, 0.5) cm  xSize=1 cm  ySize=1 cm  zSize=1 cm  mat=steel
  Voxel 108  pos=(15.5, -3.5, 0.5) cm  xSize=1 cm  ySize=1 cm  zSize=1 cm  mat=steel
  Voxel 109  pos=(16.5, -3.5, 0.5) cm  xSize=1 cm  ySize=1 cm  zSize=1 cm  mat=steel
  Voxel 110  pos=(23.5, -3.5, 0.5) cm  xSize=1 cm  ySize=1 cm  zSize=1 cm  mat=steel
  Voxel 111  pos=(24.5, -3.5, 0.5) cm  xSize=1 cm  ySize=1 cm  zSize=1 cm  mat=steel
  Voxel 112  pos=(33.5, -3.5, 0.5) cm  xSize=1 cm  ySize=1 cm  zSize=1 cm  mat=steel
  Voxel 113  pos=(34.5, -3.5, 0.5) cm  xSize=1 cm  ySize=1 cm  zSize=1 cm  mat=steel
  Voxel 114  pos=(35.5, -3.5, 0.5) cm  xSize=1 cm  ySize=1 cm  zSize=1 cm  mat=steel
  Voxel 115  pos=(37.5, -3.5, 0.5) cm  xSize=1 cm  ySize=1 cm  zSize=1 cm  mat=steel
  Voxel 116  pos=(38.5, -3.5, 0.5) cm  xSize=1 cm  ySize=1 cm  zSize=1 cm  mat=steel
  Voxel 117  pos=(-39.5, -2.5, 0.5) cm  xSize=1 cm  ySize=1 cm  zSize=1 cm  mat=steel
  Voxel 118  pos=(-38.5, -2.5, 0.5) cm  xSize=1 cm  ySize=1 cm  zSize=1 cm  mat=steel
  Voxel 119  pos=(-25.5, -2.5, 0.5) cm  xSize=1 cm  ySize=1 cm  zSize=1 cm  mat=steel
  Voxel 120  pos=(-24.5, -2.5, 0.5) cm  xSize=1 cm  ySize=1 cm  zSize=1 cm  mat=steel
  Voxel 121  pos=(-18.5, -2.5, 0.5) cm  xSize=1 cm  ySize=1 cm  zSize=1 cm  mat=steel
  Voxel 122  pos=(-17.5, -2.5, 0.5) cm  xSize=1 cm  ySize=1 cm  zSize=1 cm  mat=steel
  Voxel 123  pos=(-16.5, -2.5, 0.5) cm  xSize=1 cm  ySize=1 cm  zSize=1 cm  mat=steel
  Voxel 124  pos=(-5.5, -2.5, 0.5) cm  xSize=1 cm  ySize=1 cm  zSize=1 cm  mat=steel
  Voxel 125  pos=(-4.5, -2.5, 0.5) cm  xSize=1 cm  ySize=1 cm  zSize=1 cm  mat=steel
  Voxel 126  pos=(-3.5, -2.5, 0.5) cm  xSize=1 cm  ySize=1 cm  zSize=1 cm  mat=steel
  Voxel 127  pos=(2.5, -2.5, 0.5) cm  xSize=1 cm  ySize=1 cm  zSize=1 cm  mat=steel
  Voxel 128  pos=(3.5, -2.5, 0.5) cm  xSize=1 cm  ySize=1 cm  zSize=1 cm  mat=steel
  Voxel 129  pos=(4.5, -2.5, 0.5) cm  xSize=1 cm  ySize=1 cm  zSize=1 cm  mat=steel
  Voxel 130  pos=(15.5, -2.5, 0.5) cm  xSize=1 cm  ySize=1 cm  zSize=1 cm  mat=steel
  Voxel 131  pos=(16.5, -2.5, 0.5) cm  xSize=1 cm  ySize=1 cm  zSize=1 cm  mat=steel
  Voxel 132  pos=(17.5, -2.5, 0.5) cm  xSize=1 cm  ySize=1 cm  zSize=1 cm  mat=steel
  Voxel 133  pos=(23.5, -2.5, 0.5) cm  xSize=1 cm  ySize=1 cm  zSize=1 cm  mat=steel
  Voxel 134  pos=(24.5, -2.5, 0.5) cm  xSize=1 cm  ySize=1 cm  zSize=1 cm  mat=steel
  Voxel 135  pos=(32.5, -2.5, 0.5) cm  xSize=1 cm  ySize=1 cm  zSize=1 cm  mat=steel
  Voxel 136  pos=(33.5, -2.5, 0.5) cm  xSize=1 cm  ySize=1 cm  zSize=1 cm  mat=steel
  Voxel 137  pos=(34.5, -2.5, 0.5) cm  xSize=1 cm  ySize=1 cm  zSize=1 cm  mat=steel
  Voxel 138  pos=(37.5, -2.5, 0.5) cm  xSize=1 cm  ySize=1 cm  zSize=1 cm  mat=steel
  Voxel 139  pos=(38.5, -2.5, 0.5) cm  xSize=1 cm  ySize=1 cm  zSize=1 cm  mat=steel
  Voxel 140  pos=(-39.5, -1.5, 0.5) cm  xSize=1 cm  ySize=1 cm  zSize=1 cm  mat=steel
  Voxel 141  pos=(-38.5, -1.5, 0.5) cm  xSize=1 cm  ySize=1 cm  zSize=1 cm  mat=steel
  Voxel 142  pos=(-25.5, -1.5, 0.5) cm  xSize=1 cm  ySize=1 cm  zSize=1 cm  mat=steel
  Voxel 143  pos=(-24.5, -1.5, 0.5) cm  xSize=1 cm  ySize=1 cm  zSize=1 cm  mat=steel
  Voxel 144  pos=(-18.5, -1.5, 0.5) cm  xSize=1 cm  ySize=1 cm  zSize=1 cm  mat=steel
  Voxel 145  pos=(-17.5, -1.5, 0.5) cm  xSize=1 cm  ySize=1 cm  zSize=1 cm  mat=steel
  Voxel 146  pos=(-4.5, -1.5, 0.5) cm  xSize=1 cm  ySize=1 cm  zSize=1 cm  mat=steel
  Voxel 147  pos=(-3.5, -1.5, 0.5) cm  xSize=1 cm  ySize=1 cm  zSize=1 cm  mat=steel
  Voxel 148  pos=(2.5, -1.5, 0.5) cm  xSize=1 cm  ySize=1 cm  zSize=1 cm  mat=steel
  Voxel 149  pos=(3.5, -1.5, 0.5) cm  xSize=1 cm  ySize=1 cm  zSize=1 cm  mat=steel
  Voxel 150  pos=(16.5, -1.5, 0.5) cm  xSize=1 cm  ySize=1 cm  zSize=1 cm  mat=steel
  Voxel 151  pos=(17.5, -1.5, 0.5) cm  xSize=1 cm  ySize=1 cm  zSize=1 cm  mat=steel
  Voxel 152  pos=(23.5, -1.5, 0.5) cm  xSize=1 cm  ySize=1 cm  zSize=1 cm  mat=steel
  Voxel 153  pos=(24.5, -1.5, 0.5) cm  xSize=1 cm  ySize=1 cm  zSize=1 cm  mat=steel
  Voxel 154  pos=(31.5, -1.5, 0.5) cm  xSize=1 cm  ySize=1 cm  zSize=1 cm  mat=steel
  Voxel 155  pos=(32.5, -1.5, 0.5) cm  xSize=1 cm  ySize=1 cm  zSize=1 cm  mat=steel
  Voxel 156  pos=(33.5, -1.5, 0.5) cm  xSize=1 cm  ySize=1 cm  zSize=1 cm  mat=steel
  Voxel 157  pos=(37.5, -1.5, 0.5) cm  xSize=1 cm  ySize=1 cm  zSize=1 cm  mat=steel
  Voxel 158  pos=(38.5, -1.5, 0.5) cm  xSize=1 cm  ySize=1 cm  zSize=1 cm  mat=steel
  Voxel 159  pos=(-39.5, -0.5, 0.5) cm  xSize=1 cm  ySize=1 cm  zSize=1 cm  mat=steel
  Voxel 160  pos=(-38.5, -0.5, 0.5) cm  xSize=1 cm  ySize=1 cm  zSize=1 cm  mat=steel
  Voxel 161  pos=(-32.5, -0.5, 0.5) cm  xSize=1 cm  ySize=1 cm  zSize=1 cm  mat=steel
  Voxel 162  pos=(-31.5, -0.5, 0.5) cm  xSize=1 cm  ySize=1 cm  zSize=1 cm  mat=steel
  Voxel 163  pos=(-25.5, -0.5, 0.5) cm  xSize=1 cm  ySize=1 cm  zSize=1 cm  mat=steel
  Voxel 164  pos=(-24.5, -0.5, 0.5) cm  xSize=1 cm  ySize=1 cm  zSize=1 cm  mat=steel
  Voxel 165  pos=(-18.5, -0.5, 0.5) cm  xSize=1 cm  ySize=1 cm  zSize=1 cm  mat=steel
  Voxel 166  pos=(-17.5, -0.5, 0.5) cm  xSize=1 cm  ySize=1 cm  zSize=1 cm  mat=steel
  Voxel 167  pos=(-4.5, -0.5, 0.5) cm  xSize=1 cm  ySize=1 cm  zSize=1 cm  mat=steel
  Voxel 168  pos=(-3.5, -0.5, 0.5) cm  xSize=1 cm  ySize=1 cm  zSize=1 cm  mat=steel
  Voxel 169  pos=(2.5, -0.5, 0.5) cm  xSize=1 cm  ySize=1 cm  zSize=1 cm  mat=steel
  Voxel 170  pos=(3.5, -0.5, 0.5) cm  xSize=1 cm  ySize=1 cm  zSize=1 cm  mat=steel
  Voxel 171  pos=(16.5, -0.5, 0.5) cm  xSize=1 cm  ySize=1 cm  zSize=1 cm  mat=steel
  Voxel 172  pos=(17.5, -0.5, 0.5) cm  xSize=1 cm  ySize=1 cm  zSize=1 cm  mat=steel
  Voxel 173  pos=(23.5, -0.5, 0.5) cm  xSize=1 cm  ySize=1 cm  zSize=1 cm  mat=steel
  Voxel 174  pos=(24.5, -0.5, 0.5) cm  xSize=1 cm  ySize=1 cm  zSize=1 cm  mat=steel
  Voxel 175  pos=(30.5, -0.5, 0.5) cm  xSize=1 cm  ySize=1 cm  zSize=1 cm  mat=steel
  Voxel 176  pos=(31.5, -0.5, 0.5) cm  xSize=1 cm  ySize=1 cm  zSize=1 cm  mat=steel
  Voxel 177  pos=(32.5, -0.5, 0.5) cm  xSize=1 cm  ySize=1 cm  zSize=1 cm  mat=steel
  Voxel 178  pos=(37.5, -0.5, 0.5) cm  xSize=1 cm  ySize=1 cm  zSize=1 cm  mat=steel
  Voxel 179  pos=(38.5, -0.5, 0.5) cm  xSize=1 cm  ySize=1 cm  zSize=1 cm  mat=steel
  Voxel 180  pos=(-39.5, 0.5, 0.5) cm  xSize=1 cm  ySize=1 cm  zSize=1 cm  mat=steel
  Voxel 181  pos=(-38.5, 0.5, 0.5) cm  xSize=1 cm  ySize=1 cm  zSize=1 cm  mat=steel
  Voxel 182  pos=(-33.5, 0.5, 0.5) cm  xSize=1 cm  ySize=1 cm  zSize=1 cm  mat=steel
  Voxel 183  pos=(-32.5, 0.5, 0.5) cm  xSize=1 cm  ySize=1 cm  zSize=1 cm  mat=steel
  Voxel 184  pos=(-31.5, 0.5, 0.5) cm  xSize=1 cm  ySize=1 cm  zSize=1 cm  mat=steel
  Voxel 185  pos=(-30.5, 0.5, 0.5) cm  xSize=1 cm  ySize=1 cm  zSize=1 cm  mat=steel
  Voxel 186  pos=(-25.5, 0.5, 0.5) cm  xSize=1 cm  ySize=1 cm  zSize=1 cm  mat=steel
  Voxel 187  pos=(-24.5, 0.5, 0.5) cm  xSize=1 cm  ySize=1 cm  zSize=1 cm  mat=steel
  Voxel 188  pos=(-18.5, 0.5, 0.5) cm  xSize=1 cm  ySize=1 cm  zSize=1 cm  mat=steel
  Voxel 189  pos=(-17.5, 0.5, 0.5) cm  xSize=1 cm  ySize=1 cm  zSize=1 cm  mat=steel
  Voxel 190  pos=(-4.5, 0.5, 0.5) cm  xSize=1 cm  ySize=1 cm  zSize=1 cm  mat=steel
  Voxel 191  pos=(-3.5, 0.5, 0.5) cm  xSize=1 cm  ySize=1 cm  zSize=1 cm  mat=steel
  Voxel 192  pos=(2.5, 0.5, 0.5) cm  xSize=1 cm  ySize=1 cm  zSize=1 cm  mat=steel
  Voxel 193  pos=(3.5, 0.5, 0.5) cm  xSize=1 cm  ySize=1 cm  zSize=1 cm  mat=steel
  Voxel 194  pos=(16.5, 0.5, 0.5) cm  xSize=1 cm  ySize=1 cm  zSize=1 cm  mat=steel
  Voxel 195  pos=(17.5, 0.5, 0.5) cm  xSize=1 cm  ySize=1 cm  zSize=1 cm  mat=steel
  Voxel 196  pos=(23.5, 0.5, 0.5) cm  xSize=1 cm  ySize=1 cm  zSize=1 cm  mat=steel
  Voxel 197  pos=(24.5, 0.5, 0.5) cm  xSize=1 cm  ySize=1 cm  zSize=1 cm  mat=steel
  Voxel 198  pos=(29.5, 0.5, 0.5) cm  xSize=1 cm  ySize=1 cm  zSize=1 cm  mat=steel
  Voxel 199  pos=(30.5, 0.5, 0.5) cm  xSize=1 cm  ySize=1 cm  zSize=1 cm  mat=steel
  Voxel 200  pos=(31.5, 0.5, 0.5) cm  xSize=1 cm  ySize=1 cm  zSize=1 cm  mat=steel
  Voxel 201  pos=(37.5, 0.5, 0.5) cm  xSize=1 cm  ySize=1 cm  zSize=1 cm  mat=steel
  Voxel 202  pos=(38.5, 0.5, 0.5) cm  xSize=1 cm  ySize=1 cm  zSize=1 cm  mat=steel
  Voxel 203  pos=(-39.5, 1.5, 0.5) cm  xSize=1 cm  ySize=1 cm  zSize=1 cm  mat=steel
  Voxel 204  pos=(-38.5, 1.5, 0.5) cm  xSize=1 cm  ySize=1 cm  zSize=1 cm  mat=steel
  Voxel 205  pos=(-34.5, 1.5, 0.5) cm  xSize=1 cm  ySize=1 cm  zSize=1 cm  mat=steel
  Voxel 206  pos=(-33.5, 1.5, 0.5) cm  xSize=1 cm  ySize=1 cm  zSize=1 cm  mat=steel
  Voxel 207  pos=(-32.5, 1.5, 0.5) cm  xSize=1 cm  ySize=1 cm  zSize=1 cm  mat=steel
  Voxel 208  pos=(-31.5, 1.5, 0.5) cm  xSize=1 cm  ySize=1 cm  zSize=1 cm  mat=steel
  Voxel 209  pos=(-30.5, 1.5, 0.5) cm  xSize=1 cm  ySize=1 cm  zSize=1 cm  mat=steel
  Voxel 210  pos=(-29.5, 1.5, 0.5) cm  xSize=1 cm  ySize=1 cm  zSize=1 cm  mat=steel
  Voxel 211  pos=(-25.5, 1.5, 0.5) cm  xSize=1 cm  ySize=1 cm  zSize=1 cm  mat=steel
  Voxel 212  pos=(-24.5, 1.5, 0.5) cm  xSize=1 cm  ySize=1 cm  zSize=1 cm  mat=steel
  Voxel 213  pos=(-18.5, 1.5, 0.5) cm  xSize=1 cm  ySize=1 cm  zSize=1 cm  mat=steel
  Voxel 214  pos=(-17.5, 1.5, 0.5) cm  xSize=1 cm  ySize=1 cm  zSize=1 cm  mat=steel
  Voxel 215  pos=(-4.5, 1.5, 0.5) cm  xSize=1 cm  ySize=1 cm  zSize=1 cm  mat=steel
  Voxel 216  pos=(-3.5, 1.5, 0.5) cm  xSize=1 cm  ySize=1 cm  zSize=1 cm  mat=steel
  Voxel 217  pos=(2.5, 1.5, 0.5) cm  xSize=1 cm  ySize=1 cm  zSize=1 cm  mat=steel
  Voxel 218  pos=(3.5, 1.5, 0.5) cm  xSize=1 cm  ySize=1 cm  zSize=1 cm  mat=steel
  Voxel 219  pos=(16.5, 1.5, 0.5) cm  xSize=1 cm  ySize=1 cm  zSize=1 cm  mat=steel
  Voxel 220  pos=(17.5, 1.5, 0.5) cm  xSize=1 cm  ySize=1 cm  zSize=1 cm  mat=steel
  Voxel 221  pos=(23.5, 1.5, 0.5) cm  xSize=1 cm  ySize=1 cm  zSize=1 cm  mat=steel
  Voxel 222  pos=(24.5, 1.5, 0.5) cm  xSize=1 cm  ySize=1 cm  zSize=1 cm  mat=steel
  Voxel 223  pos=(28.5, 1.5, 0.5) cm  xSize=1 cm  ySize=1 cm  zSize=1 cm  mat=steel
  Voxel 224  pos=(29.5, 1.5, 0.5) cm  xSize=1 cm  ySize=1 cm  zSize=1 cm  mat=steel
  Voxel 225  pos=(30.5, 1.5, 0.5) cm  xSize=1 cm  ySize=1 cm  zSize=1 cm  mat=steel
  Voxel 226  pos=(37.5, 1.5, 0.5) cm  xSize=1 cm  ySize=1 cm  zSize=1 cm  mat=steel
  Voxel 227  pos=(38.5, 1.5, 0.5) cm  xSize=1 cm  ySize=1 cm  zSize=1 cm  mat=steel
  Voxel 228  pos=(-39.5, 2.5, 0.5) cm  xSize=1 cm  ySize=1 cm  zSize=1 cm  mat=steel
  Voxel 229  pos=(-38.5, 2.5, 0.5) cm  xSize=1 cm  ySize=1 cm  zSize=1 cm  mat=steel
  Voxel 230  pos=(-35.5, 2.5, 0.5) cm  xSize=1 cm  ySize=1 cm  zSize=1 cm  mat=steel
  Voxel 231  pos=(-34.5, 2.5, 0.5) cm  xSize=1 cm  ySize=1 cm  zSize=1 cm  mat=steel
  Voxel 232  pos=(-33.5, 2.5, 0.5) cm  xSize=1 cm  ySize=1 cm  zSize=1 cm  mat=steel
  Voxel 233  pos=(-30.5, 2.5, 0.5) cm  xSize=1 cm  ySize=1 cm  zSize=1 cm  mat=steel
  Voxel 234  pos=(-29.5, 2.5, 0.5) cm  xSize=1 cm  ySize=1 cm  zSize=1 cm  mat=steel
  Voxel 235  pos=(-28.5, 2.5, 0.5) cm  xSize=1 cm  ySize=1 cm  zSize=1 cm  mat=steel
  Voxel 236  pos=(-25.5, 2.5, 0.5) cm  xSize=1 cm  ySize=1 cm  zSize=1 cm  mat=steel
  Voxel 237  pos=(-24.5, 2.5, 0.5) cm  xSize=1 cm  ySize=1 cm  zSize=1 cm  mat=steel
  Voxel 238  pos=(-18.5, 2.5, 0.5) cm  xSize=1 cm  ySize=1 cm  zSize=1 cm  mat=steel
  Voxel 239  pos=(-17.5, 2.5, 0.5) cm  xSize=1 cm  ySize=1 cm  zSize=1 cm  mat=steel
  Voxel 240  pos=(-4.5, 2.5, 0.5) cm  xSize=1 cm  ySize=1 cm  zSize=1 cm  mat=steel
  Voxel 241  pos=(-3.5, 2.5, 0.5) cm  xSize=1 cm  ySize=1 cm  zSize=1 cm  mat=steel
  Voxel 242  pos=(2.5, 2.5, 0.5) cm  xSize=1 cm  ySize=1 cm  zSize=1 cm  mat=steel
  Voxel 243  pos=(3.5, 2.5, 0.5) cm  xSize=1 cm  ySize=1 cm  zSize=1 cm  mat=steel
  Voxel 244  pos=(16.5, 2.5, 0.5) cm  xSize=1 cm  ySize=1 cm  zSize=1 cm  mat=steel
  Voxel 245  pos=(17.5, 2.5, 0.5) cm  xSize=1 cm  ySize=1 cm  zSize=1 cm  mat=steel
  Voxel 246  pos=(23.5, 2.5, 0.5) cm  xSize=1 cm  ySize=1 cm  zSize=1 cm  mat=steel
  Voxel 247  pos=(24.5, 2.5, 0.5) cm  xSize=1 cm  ySize=1 cm  zSize=1 cm  mat=steel
  Voxel 248  pos=(27.5, 2.5, 0.5) cm  xSize=1 cm  ySize=1 cm  zSize=1 cm  mat=steel
  Voxel 249  pos=(28.5, 2.5, 0.5) cm  xSize=1 cm  ySize=1 cm  zSize=1 cm  mat=steel
  Voxel 250  pos=(29.5, 2.5, 0.5) cm  xSize=1 cm  ySize=1 cm  zSize=1 cm  mat=steel
  Voxel 251  pos=(37.5, 2.5, 0.5) cm  xSize=1 cm  ySize=1 cm  zSize=1 cm  mat=steel
  Voxel 252  pos=(38.5, 2.5, 0.5) cm  xSize=1 cm  ySize=1 cm  zSize=1 cm  mat=steel
  Voxel 253  pos=(-39.5, 3.5, 0.5) cm  xSize=1 cm  ySize=1 cm  zSize=1 cm  mat=steel
  Voxel 254  pos=(-38.5, 3.5, 0.5) cm  xSize=1 cm  ySize=1 cm  zSize=1 cm  mat=steel
  Voxel 255  pos=(-36.5, 3.5, 0.5) cm  xSize=1 cm  ySize=1 cm  zSize=1 cm  mat=steel
  Voxel 256  pos=(-35.5, 3.5, 0.5) cm  xSize=1 cm  ySize=1 cm  zSize=1 cm  mat=steel
  Voxel 257  pos=(-34.5, 3.5, 0.5) cm  xSize=1 cm  ySize=1 cm  zSize=1 cm  mat=steel
  Voxel 258  pos=(-29.5, 3.5, 0.5) cm  xSize=1 cm  ySize=1 cm  zSize=1 cm  mat=steel
  Voxel 259  pos=(-28.5, 3.5, 0.5) cm  xSize=1 cm  ySize=1 cm  zSize=1 cm  mat=steel
  Voxel 260  pos=(-27.5, 3.5, 0.5) cm  xSize=1 cm  ySize=1 cm  zSize=1 cm  mat=steel
  Voxel 261  pos=(-25.5, 3.5, 0.5) cm  xSize=1 cm  ySize=1 cm  zSize=1 cm  mat=steel
  Voxel 262  pos=(-24.5, 3.5, 0.5) cm  xSize=1 cm  ySize=1 cm  zSize=1 cm  mat=steel
  Voxel 263  pos=(-18.5, 3.5, 0.5) cm  xSize=1 cm  ySize=1 cm  zSize=1 cm  mat=steel
  Voxel 264  pos=(-17.5, 3.5, 0.5) cm  xSize=1 cm  ySize=1 cm  zSize=1 cm  mat=steel
  Voxel 265  pos=(-4.5, 3.5, 0.5) cm  xSize=1 cm  ySize=1 cm  zSize=1 cm  mat=steel
  Voxel 266  pos=(-3.5, 3.5, 0.5) cm  xSize=1 cm  ySize=1 cm  zSize=1 cm  mat=steel
  Voxel 267  pos=(2.5, 3.5, 0.5) cm  xSize=1 cm  ySize=1 cm  zSize=1 cm  mat=steel
  Voxel 268  pos=(3.5, 3.5, 0.5) cm  xSize=1 cm  ySize=1 cm  zSize=1 cm  mat=steel
  Voxel 269  pos=(16.5, 3.5, 0.5) cm  xSize=1 cm  ySize=1 cm  zSize=1 cm  mat=steel
  Voxel 270  pos=(17.5, 3.5, 0.5) cm  xSize=1 cm  ySize=1 cm  zSize=1 cm  mat=steel
  Voxel 271  pos=(23.5, 3.5, 0.5) cm  xSize=1 cm  ySize=1 cm  zSize=1 cm  mat=steel
  Voxel 272  pos=(24.5, 3.5, 0.5) cm  xSize=1 cm  ySize=1 cm  zSize=1 cm  mat=steel
  Voxel 273  pos=(26.5, 3.5, 0.5) cm  xSize=1 cm  ySize=1 cm  zSize=1 cm  mat=steel
  Voxel 274  pos=(27.5, 3.5, 0.5) cm  xSize=1 cm  ySize=1 cm  zSize=1 cm  mat=steel
  Voxel 275  pos=(28.5, 3.5, 0.5) cm  xSize=1 cm  ySize=1 cm  zSize=1 cm  mat=steel
  Voxel 276  pos=(37.5, 3.5, 0.5) cm  xSize=1 cm  ySize=1 cm  zSize=1 cm  mat=steel
  Voxel 277  pos=(38.5, 3.5, 0.5) cm  xSize=1 cm  ySize=1 cm  zSize=1 cm  mat=steel
  Voxel 278  pos=(-39.5, 4.5, 0.5) cm  xSize=1 cm  ySize=1 cm  zSize=1 cm  mat=steel
  Voxel 279  pos=(-38.5, 4.5, 0.5) cm  xSize=1 cm  ySize=1 cm  zSize=1 cm  mat=steel
  Voxel 280  pos=(-37.5, 4.5, 0.5) cm  xSize=1 cm  ySize=1 cm  zSize=1 cm  mat=steel
  Voxel 281  pos=(-36.5, 4.5, 0.5) cm  xSize=1 cm  ySize=1 cm  zSize=1 cm  mat=steel
  Voxel 282  pos=(-35.5, 4.5, 0.5) cm  xSize=1 cm  ySize=1 cm  zSize=1 cm  mat=steel
  Voxel 283  pos=(-28.5, 4.5, 0.5) cm  xSize=1 cm  ySize=1 cm  zSize=1 cm  mat=steel
  Voxel 284  pos=(-27.5, 4.5, 0.5) cm  xSize=1 cm  ySize=1 cm  zSize=1 cm  mat=steel
  Voxel 285  pos=(-26.5, 4.5, 0.5) cm  xSize=1 cm  ySize=1 cm  zSize=1 cm  mat=steel
  Voxel 286  pos=(-25.5, 4.5, 0.5) cm  xSize=1 cm  ySize=1 cm  zSize=1 cm  mat=steel
  Voxel 287  pos=(-24.5, 4.5, 0.5) cm  xSize=1 cm  ySize=1 cm  zSize=1 cm  mat=steel
  Voxel 288  pos=(-18.5, 4.5, 0.5) cm  xSize=1 cm  ySize=1 cm  zSize=1 cm  mat=steel
  Voxel 289  pos=(-17.5, 4.5, 0.5) cm  xSize=1 cm  ySize=1 cm  zSize=1 cm  mat=steel
  Voxel 290  pos=(-4.5, 4.5, 0.5) cm  xSize=1 cm  ySize=1 cm  zSize=1 cm  mat=steel
  Voxel 291  pos=(-3.5, 4.5, 0.5) cm  xSize=1 cm  ySize=1 cm  zSize=1 cm  mat=steel
  Voxel 292  pos=(2.5, 4.5, 0.5) cm  xSize=1 cm  ySize=1 cm  zSize=1 cm  mat=steel
  Voxel 293  pos=(3.5, 4.5, 0.5) cm  xSize=1 cm  ySize=1 cm  zSize=1 cm  mat=steel
  Voxel 294  pos=(4.5, 4.5, 0.5) cm  xSize=1 cm  ySize=1 cm  zSize=1 cm  mat=steel
  Voxel 295  pos=(15.5, 4.5, 0.5) cm  xSize=1 cm  ySize=1 cm  zSize=1 cm  mat=steel
  Voxel 296  pos=(16.5, 4.5, 0.5) cm  xSize=1 cm  ySize=1 cm  zSize=1 cm  mat=steel
  Voxel 297  pos=(17.5, 4.5, 0.5) cm  xSize=1 cm  ySize=1 cm  zSize=1 cm  mat=steel
  Voxel 298  pos=(23.5, 4.5, 0.5) cm  xSize=1 cm  ySize=1 cm  zSize=1 cm  mat=steel
  Voxel 299  pos=(24.5, 4.5, 0.5) cm  xSize=1 cm  ySize=1 cm  zSize=1 cm  mat=steel
  Voxel 300  pos=(25.5, 4.5, 0.5) cm  xSize=1 cm  ySize=1 cm  zSize=1 cm  mat=steel
  Voxel 301  pos=(26.5, 4.5, 0.5) cm  xSize=1 cm  ySize=1 cm  zSize=1 cm  mat=steel
  Voxel 302  pos=(27.5, 4.5, 0.5) cm  xSize=1 cm  ySize=1 cm  zSize=1 cm  mat=steel
  Voxel 303  pos=(37.5, 4.5, 0.5) cm  xSize=1 cm  ySize=1 cm  zSize=1 cm  mat=steel
  Voxel 304  pos=(38.5, 4.5, 0.5) cm  xSize=1 cm  ySize=1 cm  zSize=1 cm  mat=steel
  Voxel 305  pos=(-39.5, 5.5, 0.5) cm  xSize=1 cm  ySize=1 cm  zSize=1 cm  mat=steel
  Voxel 306  pos=(-38.5, 5.5, 0.5) cm  xSize=1 cm  ySize=1 cm  zSize=1 cm  mat=steel
  Voxel 307  pos=(-37.5, 5.5, 0.5) cm  xSize=1 cm  ySize=1 cm  zSize=1 cm  mat=steel
  Voxel 308  pos=(-36.5, 5.5, 0.5) cm  xSize=1 cm  ySize=1 cm  zSize=1 cm  mat=steel
  Voxel 309  pos=(-27.5, 5.5, 0.5) cm  xSize=1 cm  ySize=1 cm  zSize=1 cm  mat=steel
  Voxel 310  pos=(-26.5, 5.5, 0.5) cm  xSize=1 cm  ySize=1 cm  zSize=1 cm  mat=steel
  Voxel 311  pos=(-25.5, 5.5, 0.5) cm  xSize=1 cm  ySize=1 cm  zSize=1 cm  mat=steel
  Voxel 312  pos=(-24.5, 5.5, 0.5) cm  xSize=1 cm  ySize=1 cm  zSize=1 cm  mat=steel
  Voxel 313  pos=(-18.5, 5.5, 0.5) cm  xSize=1 cm  ySize=1 cm  zSize=1 cm  mat=steel
  Voxel 314  pos=(-17.5, 5.5, 0.5) cm  xSize=1 cm  ySize=1 cm  zSize=1 cm  mat=steel
  Voxel 315  pos=(-4.5, 5.5, 0.5) cm  xSize=1 cm  ySize=1 cm  zSize=1 cm  mat=steel
  Voxel 316  pos=(-3.5, 5.5, 0.5) cm  xSize=1 cm  ySize=1 cm  zSize=1 cm  mat=steel
  Voxel 317  pos=(3.5, 5.5, 0.5) cm  xSize=1 cm  ySize=1 cm  zSize=1 cm  mat=steel
  Voxel 318  pos=(4.5, 5.5, 0.5) cm  xSize=1 cm  ySize=1 cm  zSize=1 cm  mat=steel
  Voxel 319  pos=(5.5, 5.5, 0.5) cm  xSize=1 cm  ySize=1 cm  zSize=1 cm  mat=steel
  Voxel 320  pos=(6.5, 5.5, 0.5) cm  xSize=1 cm  ySize=1 cm  zSize=1 cm  mat=steel
  Voxel 321  pos=(7.5, 5.5, 0.5) cm  xSize=1 cm  ySize=1 cm  zSize=1 cm  mat=steel
  Voxel 322  pos=(8.5, 5.5, 0.5) cm  xSize=1 cm  ySize=1 cm  zSize=1 cm  mat=steel
  Voxel 323  pos=(9.5, 5.5, 0.5) cm  xSize=1 cm  ySize=1 cm  zSize=1 cm  mat=steel
  Voxel 324  pos=(10.5, 5.5, 0.5) cm  xSize=1 cm  ySize=1 cm  zSize=1 cm  mat=steel
  Voxel 325  pos=(11.5, 5.5, 0.5) cm  xSize=1 cm  ySize=1 cm  zSize=1 cm  mat=steel
  Voxel 326  pos=(12.5, 5.5, 0.5) cm  xSize=1 cm  ySize=1 cm  zSize=1 cm  mat=steel
  Voxel 327  pos=(13.5, 5.5, 0.5) cm  xSize=1 cm  ySize=1 cm  zSize=1 cm  mat=steel
  Voxel 328  pos=(14.5, 5.5, 0.5) cm  xSize=1 cm  ySize=1 cm  zSize=1 cm  mat=steel
  Voxel 329  pos=(15.5, 5.5, 0.5) cm  xSize=1 cm  ySize=1 cm  zSize=1 cm  mat=steel
  Voxel 330  pos=(16.5, 5.5, 0.5) cm  xSize=1 cm  ySize=1 cm  zSize=1 cm  mat=steel
  Voxel 331  pos=(23.5, 5.5, 0.5) cm  xSize=1 cm  ySize=1 cm  zSize=1 cm  mat=steel
  Voxel 332  pos=(24.5, 5.5, 0.5) cm  xSize=1 cm  ySize=1 cm  zSize=1 cm  mat=steel
  Voxel 333  pos=(25.5, 5.5, 0.5) cm  xSize=1 cm  ySize=1 cm  zSize=1 cm  mat=steel
  Voxel 334  pos=(26.5, 5.5, 0.5) cm  xSize=1 cm  ySize=1 cm  zSize=1 cm  mat=steel
  Voxel 335  pos=(37.5, 5.5, 0.5) cm  xSize=1 cm  ySize=1 cm  zSize=1 cm  mat=steel
  Voxel 336  pos=(38.5, 5.5, 0.5) cm  xSize=1 cm  ySize=1 cm  zSize=1 cm  mat=steel
  Voxel 337  pos=(-39.5, 6.5, 0.5) cm  xSize=1 cm  ySize=1 cm  zSize=1 cm  mat=steel
  Voxel 338  pos=(-38.5, 6.5, 0.5) cm  xSize=1 cm  ySize=1 cm  zSize=1 cm  mat=steel
  Voxel 339  pos=(-37.5, 6.5, 0.5) cm  xSize=1 cm  ySize=1 cm  zSize=1 cm  mat=steel
  Voxel 340  pos=(-26.5, 6.5, 0.5) cm  xSize=1 cm  ySize=1 cm  zSize=1 cm  mat=steel
  Voxel 341  pos=(-25.5, 6.5, 0.5) cm  xSize=1 cm  ySize=1 cm  zSize=1 cm  mat=steel
  Voxel 342  pos=(-24.5, 6.5, 0.5) cm  xSize=1 cm  ySize=1 cm  zSize=1 cm  mat=steel
  Voxel 343  pos=(-18.5, 6.5, 0.5) cm  xSize=1 cm  ySize=1 cm  zSize=1 cm  mat=steel
  Voxel 344  pos=(-17.5, 6.5, 0.5) cm  xSize=1 cm  ySize=1 cm  zSize=1 cm  mat=steel
  Voxel 345  pos=(-4.5, 6.5, 0.5) cm  xSize=1 cm  ySize=1 cm  zSize=1 cm  mat=steel
  Voxel 346  pos=(-3.5, 6.5, 0.5) cm  xSize=1 cm  ySize=1 cm  zSize=1 cm  mat=steel
  Voxel 347  pos=(4.5, 6.5, 0.5) cm  xSize=1 cm  ySize=1 cm  zSize=1 cm  mat=steel
  Voxel 348  pos=(5.5, 6.5, 0.5) cm  xSize=1 cm  ySize=1 cm  zSize=1 cm  mat=steel
  Voxel 349  pos=(6.5, 6.5, 0.5) cm  xSize=1 cm  ySize=1 cm  zSize=1 cm  mat=steel
  Voxel 350  pos=(7.5, 6.5, 0.5) cm  xSize=1 cm  ySize=1 cm  zSize=1 cm  mat=steel
  Voxel 351  pos=(8.5, 6.5, 0.5) cm  xSize=1 cm  ySize=1 cm  zSize=1 cm  mat=steel
  Voxel 352  pos=(9.5, 6.5, 0.5) cm  xSize=1 cm  ySize=1 cm  zSize=1 cm  mat=steel
  Voxel 353  pos=(10.5, 6.5, 0.5) cm  xSize=1 cm  ySize=1 cm  zSize=1 cm  mat=steel
  Voxel 354  pos=(11.5, 6.5, 0.5) cm  xSize=1 cm  ySize=1 cm  zSize=1 cm  mat=steel
  Voxel 355  pos=(12.5, 6.5, 0.5) cm  xSize=1 cm  ySize=1 cm  zSize=1 cm  mat=steel
  Voxel 356  pos=(13.5, 6.5, 0.5) cm  xSize=1 cm  ySize=1 cm  zSize=1 cm  mat=steel
  Voxel 357  pos=(14.5, 6.5, 0.5) cm  xSize=1 cm  ySize=1 cm  zSize=1 cm  mat=steel
  Voxel 358  pos=(15.5, 6.5, 0.5) cm  xSize=1 cm  ySize=1 cm  zSize=1 cm  mat=steel
  Voxel 359  pos=(23.5, 6.5, 0.5) cm  xSize=1 cm  ySize=1 cm  zSize=1 cm  mat=steel
  Voxel 360  pos=(24.5, 6.5, 0.5) cm  xSize=1 cm  ySize=1 cm  zSize=1 cm  mat=steel
  Voxel 361  pos=(25.5, 6.5, 0.5) cm  xSize=1 cm  ySize=1 cm  zSize=1 cm  mat=steel
  Voxel 362  pos=(37.5, 6.5, 0.5) cm  xSize=1 cm  ySize=1 cm  zSize=1 cm  mat=steel
  Voxel 363  pos=(38.5, 6.5, 0.5) cm  xSize=1 cm  ySize=1 cm  zSize=1 cm  mat=steel
  Voxel 364  pos=(-39.5, 7.5, 0.5) cm  xSize=1 cm  ySize=1 cm  zSize=1 cm  mat=steel
  Voxel 365  pos=(-38.5, 7.5, 0.5) cm  xSize=1 cm  ySize=1 cm  zSize=1 cm  mat=steel
  Voxel 366  pos=(-25.5, 7.5, 0.5) cm  xSize=1 cm  ySize=1 cm  zSize=1 cm  mat=steel
  Voxel 367  pos=(-24.5, 7.5, 0.5) cm  xSize=1 cm  ySize=1 cm  zSize=1 cm  mat=steel
  Voxel 368  pos=(-18.5, 7.5, 0.5) cm  xSize=1 cm  ySize=1 cm  zSize=1 cm  mat=steel
  Voxel 369  pos=(-17.5, 7.5, 0.5) cm  xSize=1 cm  ySize=1 cm  zSize=1 cm  mat=steel
  Voxel 370  pos=(-4.5, 7.5, 0.5) cm  xSize=1 cm  ySize=1 cm  zSize=1 cm  mat=steel
  Voxel 371  pos=(-3.5, 7.5, 0.5) cm  xSize=1 cm  ySize=1 cm  zSize=1 cm  mat=steel
  Voxel 372  pos=(6.5, 7.5, 0.5) cm  xSize=1 cm  ySize=1 cm  zSize=1 cm  mat=steel
  Voxel 373  pos=(7.5, 7.5, 0.5) cm  xSize=1 cm  ySize=1 cm  zSize=1 cm  mat=steel
  Voxel 374  pos=(8.5, 7.5, 0.5) cm  xSize=1 cm  ySize=1 cm  zSize=1 cm  mat=steel
  Voxel 375  pos=(9.5, 7.5, 0.5) cm  xSize=1 cm  ySize=1 cm  zSize=1 cm  mat=steel
  Voxel 376  pos=(10.5, 7.5, 0.5) cm  xSize=1 cm  ySize=1 cm  zSize=1 cm  mat=steel
  Voxel 377  pos=(11.5, 7.5, 0.5) cm  xSize=1 cm  ySize=1 cm  zSize=1 cm  mat=steel
  Voxel 378  pos=(12.5, 7.5, 0.5) cm  xSize=1 cm  ySize=1 cm  zSize=1 cm  mat=steel
  Voxel 379  pos=(13.5, 7.5, 0.5) cm  xSize=1 cm  ySize=1 cm  zSize=1 cm  mat=steel
  Voxel 380  pos=(23.5, 7.5, 0.5) cm  xSize=1 cm  ySize=1 cm  zSize=1 cm  mat=steel
  Voxel 381  pos=(24.5, 7.5, 0.5) cm  xSize=1 cm  ySize=1 cm  zSize=1 cm  mat=steel
  Voxel 382  pos=(37.5, 7.5, 0.5) cm  xSize=1 cm  ySize=1 cm  zSize=1 cm  mat=steel
  Voxel 383  pos=(38.5, 7.5, 0.5) cm  xSize=1 cm  ySize=1 cm  zSize=1 cm  mat=steel
[0m
G4VUserPhysicsList::SetVerboseLevel  : Verbose level is set to 3
List of instantiated particles ============================================
GenericIon He3 alpha anti_He3 anti_alpha anti_deuteron anti_doublehyperH4 anti_doublehyperdoubleneutron anti_hyperH4 anti_hyperHe5 
anti_hyperalpha anti_hypertriton anti_kaon0 anti_lambda anti_neutron anti_nu_e anti_nu_mu anti_omega- anti_proton anti_sigma0 
anti_triton anti_xi- anti_xi0 chargedgeantino deuteron doublehyperH4 doublehyperdoubleneutron e+ e- eta 
eta_prime gamma geantino hyperH4 hyperHe5 hyperalpha hypertriton kaon+ kaon- kaon0 
kaon0L kaon0S lambda mu+ mu- neutron nu_e nu_mu omega- pi+ 
pi- pi0 proton sigma+ sigma- sigma0 triton xi- xi0 
CRY::CRYSetup: Setting returnNeutrons to 0
CRY::CRYSetup: Setting returnProtons to 0
CRY::CRYSetup: Setting returnGammas to 0
CRY::CRYSetup: Setting date to 7-1-2012 (month-day-year)
CRY::CRYSetup: Setting latitude to 90
CRY::CRYSetup: Setting altitude to 0
CRY::CRYSetup: Setting subboxLength to 1.28
userDetector->Construct() start.
Creando los objetos
Checking overlaps for volume layerPhys_0_0:0 (G4Box) ... OK! 
Checking overlaps for volume layerPhys_0_1:0 (G4Box) ... 
-------- WWWW ------- G4Exception-START -------- WWWW -------
*** G4Exception : GeomVol1002
      issued by : G4PVPlacement::CheckOverlaps()
Overlap with mother volume !
          Overlap is detected for volume layerPhys_0_1:0 (G4Box) with its mother volume detector_0 (G4Box)
          protrusion at mother local point (416.69,-142.173,-105) by 5 mm  (max of 518 cases)
NOTE: Reached maximum fixed number -1- of overlaps reports for this volume !
*** This is just a warning message. ***
-------- WWWW -------- G4Exception-END --------- WWWW -------

Checking overlaps for volume detectorPhys_0:0 (G4Box) ... OK! 
Checking overlaps for volume layerPhys_1_0:0 (G4Box) ... OK! 
Checking overlaps for volume layerPhys_1_1:0 (G4Box) ... 
-------- WWWW ------- G4Exception-START -------- WWWW -------
*** G4Exception : GeomVol1002
      issued by : G4PVPlacement::CheckOverlaps()
Overlap with mother volume !
          Overlap is detected for volume layerPhys_1_1:0 (G4Box) with its mother volume detector_1 (G4Box)
          protrusion at mother local point (-475.386,287.148,105) by 5 mm  (max of 499 cases)
NOTE: Reached maximum fixed number -1- of overlaps reports for this volume !
*** This is just a warning message. ***
-------- WWWW -------- G4Exception-END --------- WWWW -------

Checking overlaps for volume detectorPhys_1:0 (G4Box) ... OK! 
worldLogical is registered to the default region.
physicsList->Construct() start.
G4VUserPhysicsList::Construct()
G4VUserPhysicsList::InitializeProcessManager: creating ProcessManager to GenericIon
G4VUserPhysicsList::InitializeProcessManager: creating ProcessManager to He3
G4VUserPhysicsList::InitializeProcessManager: creating ProcessManager to alpha
G4VUserPhysicsList::InitializeProcessManager: creating ProcessManager to anti_He3
G4VUserPhysicsList::InitializeProcessManager: creating ProcessManager to anti_alpha
G4VUserPhysicsList::InitializeProcessManager: creating ProcessManager to anti_deuteron
G4VUserPhysicsList::InitializeProcessManager: creating ProcessManager to anti_doublehyperH4
G4VUserPhysicsList::InitializeProcessManager: creating ProcessManager to anti_doublehyperdoubleneutron
G4VUserPhysicsList::InitializeProcessManager: creating ProcessManager to anti_hyperH4
G4VUserPhysicsList::InitializeProcessManager: creating ProcessManager to anti_hyperHe5
G4VUserPhysicsList::InitializeProcessManager: creating ProcessManager to anti_hyperalpha
G4VUserPhysicsList::InitializeProcessManager: creating ProcessManager to anti_hypertriton
G4VUserPhysicsList::InitializeProcessManager: creating ProcessManager to anti_kaon0
G4VUserPhysicsList::InitializeProcessManager: creating ProcessManager to anti_lambda
G4VUserPhysicsList::InitializeProcessManager: creating ProcessManager to anti_neutron
G4VUserPhysicsList::InitializeProcessManager: creating ProcessManager to anti_nu_e
G4VUserPhysicsList::InitializeProcessManager: creating ProcessManager to anti_nu_mu
G4VUserPhysicsList::InitializeProcessManager: creating ProcessManager to anti_omega-
G4VUserPhysicsList::InitializeProcessManager: creating ProcessManager to anti_proton
G4VUserPhysicsList::InitializeProcessManager: creating ProcessManager to anti_sigma0
G4VUserPhysicsList::InitializeProcessManager: creating ProcessManager to anti_triton
G4VUserPhysicsList::InitializeProcessManager: creating ProcessManager to anti_xi-
G4VUserPhysicsList::InitializeProcessManager: creating ProcessManager to anti_xi0
G4VUserPhysicsList::InitializeProcessManager: creating ProcessManager to chargedgeantino
G4VUserPhysicsList::InitializeProcessManager: creating ProcessManager to deuteron
G4VUserPhysicsList::InitializeProcessManager: creating ProcessManager to doublehyperH4
G4VUserPhysicsList::InitializeProcessManager: creating ProcessManager to doublehyperdoubleneutron
G4VUserPhysicsList::InitializeProcessManager: creating ProcessManager to e+
G4VUserPhysicsList::InitializeProcessManager: creating ProcessManager to e-
G4VUserPhysicsList::InitializeProcessManager: creating ProcessManager to eta
G4VUserPhysicsList::InitializeProcessManager: creating ProcessManager to eta_prime
G4VUserPhysicsList::InitializeProcessManager: creating ProcessManager to gamma
G4VUserPhysicsList::InitializeProcessManager: creating ProcessManager to geantino
G4VUserPhysicsList::InitializeProcessManager: creating ProcessManager to hyperH4
G4VUserPhysicsList::InitializeProcessManager: creating ProcessManager to hyperHe5
G4VUserPhysicsList::InitializeProcessManager: creating ProcessManager to hyperalpha
G4VUserPhysicsList::InitializeProcessManager: creating ProcessManager to hypertriton
G4VUserPhysicsList::InitializeProcessManager: creating ProcessManager to kaon+
G4VUserPhysicsList::InitializeProcessManager: creating ProcessManager to kaon-
G4VUserPhysicsList::InitializeProcessManager: creating ProcessManager to kaon0
G4VUserPhysicsList::InitializeProcessManager: creating ProcessManager to kaon0L
G4VUserPhysicsList::InitializeProcessManager: creating ProcessManager to kaon0S
G4VUserPhysicsList::InitializeProcessManager: creating ProcessManager to lambda
G4VUserPhysicsList::InitializeProcessManager: creating ProcessManager to mu+
G4VUserPhysicsList::InitializeProcessManager: creating ProcessManager to mu-
G4VUserPhysicsList::InitializeProcessManager: creating ProcessManager to neutron
G4VUserPhysicsList::InitializeProcessManager: creating ProcessManager to nu_e
G4VUserPhysicsList::InitializeProcessManager: creating ProcessManager to nu_mu
G4VUserPhysicsList::InitializeProcessManager: creating ProcessManager to omega-
G4VUserPhysicsList::InitializeProcessManager: creating ProcessManager to pi+
G4VUserPhysicsList::InitializeProcessManager: creating ProcessManager to pi-
G4VUserPhysicsList::InitializeProcessManager: creating ProcessManager to pi0
G4VUserPhysicsList::InitializeProcessManager: creating ProcessManager to proton
G4VUserPhysicsList::InitializeProcessManager: creating ProcessManager to sigma+
G4VUserPhysicsList::InitializeProcessManager: creating ProcessManager to sigma-
G4VUserPhysicsList::InitializeProcessManager: creating ProcessManager to sigma0
G4VUserPhysicsList::InitializeProcessManager: creating ProcessManager to triton
G4VUserPhysicsList::InitializeProcessManager: creating ProcessManager to xi-
G4VUserPhysicsList::InitializeProcessManager: creating ProcessManager to xi0
Construct processes 
G4PhysicsListHelper::AddTransportation()  
physicsList->CheckParticleList() start.
physicsList->setCut() start.
G4VUserPhysicsList::SetParticleCuts:   :1[mm] for gamma
G4VUserPhysicsList::SetParticleCuts:   :1[mm] for e-
G4VUserPhysicsList::SetParticleCuts:   :1[mm] for e+
G4VUserPhysicsList::SetParticleCuts:   :1[mm] for proton
G4VUserPhysicsList::SetDefaultCutValue:default cut value is changed to   :1[mm]
G4VUserPhysicsList::SetCuts:   
Cut for gamma: 1[mm]
Cut  for e-: 1[mm]
Cut  for e+: 1[mm]
Cut  for proton: 1[mm]
/
/layer_0_0   *** Active 
/layer_0_1   *** Active 
/layer_1_0   *** Active 
/layer_1_1   *** Active 
Visualization Manager instantiating with verbosity "warnings (3)"...
Visualization Manager initialising...
Registering graphics systems...

You have successfully registered the following graphics systems.
Registered graphics systems are:
  ASCIITree (ATree)
  DAWNFILE (DAWNFILE)
  G4HepRepFile (HepRepFile)
  RayTracer (RayTracer)
  VRML2FILE (VRML2FILE)
  gMocrenFile (gMocrenFile)
  TOOLSSG_OFFSCREEN (TSG_OFFSCREEN)
  TOOLSSG_OFFSCREEN (TSG_OFFSCREEN, TSG_FILE, TSG)
Default graphics system is: TSG_OFFSCREEN (based on batch session).
Default window size hint is: 600x600-0+0 (based on G4VisManager initialisation).
Note: Parameters specified on the command line will override these defaults.
      Use "vis/open" without parameters to get these defaults.

Registering model factories...

You have successfully registered the following model factories.
Registered model factories:
  generic
  drawByAttribute
  drawByCharge
  drawByOriginVolume
  drawByParticleID
  drawByEncounteredVolume

Registered models:
  None

Registered filter factories:
  attributeFilter
  chargeFilter
  originVolumeFilter
  particleFilter
  encounteredVolumeFilter

Registered filters:
  None

You have successfully registered the following user vis actions.
Run Duration User Vis Actions: none
End of Event User Vis Actions: none
End of Run User Vis Actions: none

Some /vis commands (optionally) take a string to specify colour.
"/vis/list" to see available colours.
Starging the party joder
Starging the party
G4ProductionCutsTable::UpdateCoupleTable() - Elapsed time for calculation of energy cuts: 
User=0.000000s Real=0.000120s Sys=0.000000s [Cpu=0.0%]
=======================================================================
======                 Electromagnetic Physics Parameters      ========
=======================================================================
LPM effect enabled                                 1
Enable creation and use of sampling tables         0
Apply cuts on all EM processes                     0
Use combined TransportationWithMsc                 Disabled
Use general process                                0
Enable linear polarisation for gamma               0
Enable photoeffect sampling below K-shell          1
Enable sampling of quantum entanglement            0
X-section factor for integral approach             0.8
Min kinetic energy for tables                      100 eV 
Max kinetic energy for tables                      100 TeV
Number of bins per decade of a table               7
Verbose level                                      1
Verbose level for worker thread                    0
Bremsstrahlung energy threshold above which 
  primary e+- is added to the list of secondary    100 TeV
Bremsstrahlung energy threshold above which primary
  muon/hadron is added to the list of secondary    100 TeV
Lowest triplet kinetic energy                      1 MeV
Enable sampling of gamma linear polarisation       0
5D gamma conversion model type                     0
5D gamma conversion model on isolated ion          0
Livermore data directory                           epics_2017
=======================================================================
======                 Ionisation Parameters                   ========
=======================================================================
Step function for e+-                              (0.2, 1 mm)
Step function for muons/hadrons                    (0.2, 0.1 mm)
Step function for light ions                       (0.2, 0.1 mm)
Step function for general ions                     (0.2, 0.1 mm)
Lowest e+e- kinetic energy                         1 keV
Lowest muon/hadron kinetic energy                  1 keV
Use ICRU90 data                                    0
Fluctuations of dE/dx are enabled                  1
Type of fluctuation model for leptons and hadrons  Universal
Use built-in Birks satuaration                     0
Build CSDA range enabled                           0
Use cut as a final range enabled                   0
Enable angular generator interface                 0
Max kinetic energy for CSDA tables                 1 GeV
Max kinetic energy for NIEL computation            0 eV 
Linear loss limit                                  0.01
Read data from file for e+e- pair production by mu 0
=======================================================================
======                 Multiple Scattering Parameters          ========
=======================================================================
Type of msc step limit algorithm for e+-           1
Type of msc step limit algorithm for muons/hadrons 0
Msc lateral displacement for e+- enabled           1
Msc lateral displacement for muons and hadrons     0
Urban msc model lateral displacement alg96         1
Range factor for msc step limit for e+-            0.04
Range factor for msc step limit for muons/hadrons  0.2
Geometry factor for msc step limitation of e+-     2.5
Safety factor for msc step limit for e+-           0.6
Skin parameter for msc step limitation of e+-      1
Lambda limit for msc step limit for e+-            1 mm
Use Mott correction for e- scattering              0
Factor used for dynamic computation of angular 
  limit between single and multiple scattering     1
Fixed angular limit between single 
  and multiple scattering                          3.1416 rad
Upper energy limit for e+- multiple scattering     100 MeV
Type of electron single scattering model           0
Type of nuclear form-factor                        1
Screening factor                                   1
=======================================================================
G4VUserPhysicsList::BuildPhysicsTable does not retrieve Cut Table but calculate 
G4VUserPhysicsList::BuildPhysicsTable  Calculate Physics Table for gamma
G4VUserPhysicsList::BuildPhysicsTable %%%%%% gamma
 ProcessManager : 0x21bca80 ProcessManagerShadow : 0x21bca80
  0 - Transportation
  1 - phot
  2 - compt
  3 - pol-compt
  4 - conv
--------------------------------------------------------------
  0 - Transportation
  1 - phot
  2 - compt
  3 - pol-compt
  4 - conv

phot:  for gamma SubType=12 BuildTable=0
      LambdaPrime table from 200 keV to 100 TeV in 61 bins 
      ===== EM models for the G4Region  DefaultRegionForTheWorld ======
       PhotoElectric : Emin=    0 eV  Emax=  100 TeV  SauterGavrila

compt:  for gamma SubType=13 BuildTable=1
      Lambda table from 100 eV  to 1 MeV, 7 bins/decade, spline: 1
      LambdaPrime table from 1 MeV to 100 TeV in 56 bins 
      ===== EM models for the G4Region  DefaultRegionForTheWorld ======
       Klein-Nishina : Emin=    0 eV  Emax=  100 TeV

pol-compt:  for gamma SubType=13 BuildTable=1
      Lambda table from 100 eV  to 1 MeV, 7 bins/decade, spline: 1
      LambdaPrime table from 1 MeV to 100 TeV in 56 bins 
      ===== EM models for the G4Region  DefaultRegionForTheWorld ======
   Polarized-Compton : Emin=    0 eV  Emax=  100 TeV

conv:  for gamma SubType=14 BuildTable=1
      Lambda table from 1.022 MeV to 100 TeV, 18 bins/decade, spline: 1
      ===== EM models for the G4Region  DefaultRegionForTheWorld ======
     BetheHeitlerLPM : Emin=    0 eV  Emax=  100 TeV  ModifiedTsai
G4VUserPhysicsList::BuildPhysicsTable  Calculate Physics Table for e-
G4VUserPhysicsList::BuildPhysicsTable %%%%%% e-
 ProcessManager : 0x21bc390 ProcessManagerShadow : 0x21bc390
  0 - Transportation
  1 - msc
  2 - eIoni
  3 - eBrem
--------------------------------------------------------------
  0 - Transportation
  1 - msc
  2 - eIoni
  3 - eBrem

msc:  for e-  SubType= 10
      ===== EM models for the G4Region  DefaultRegionForTheWorld ======
            UrbanMsc : Emin=    0 eV  Emax=  100 TeV Nbins=84 100 eV  - 100 TeV
          StepLim=UseSafety Rfact=0.04 Gfact=2.5 Sfact=0.6 DispFlag:1 Skin=1 Llim=1 mm

eIoni:  for e-  XStype:3  SubType=2
      dE/dx and range tables from 100 eV  to 100 TeV in 84 bins
      Lambda tables from threshold to 100 TeV, 7 bins/decade, spline: 1
      StepFunction=(0.2, 1 mm), integ: 3, fluct: 1, linLossLim= 0.01
      ===== EM models for the G4Region  DefaultRegionForTheWorld ======
        MollerBhabha : Emin=    0 eV  Emax=  100 TeV

eBrem:  for e-  XStype:4  SubType=3
      dE/dx and range tables from 100 eV  to 100 TeV in 84 bins
      Lambda tables from threshold to 100 TeV, 7 bins/decade, spline: 1
      LPM flag: 1 for E > 1 GeV,  VertexHighEnergyTh(GeV)= 100000
      ===== EM models for the G4Region  DefaultRegionForTheWorld ======
             eBremSB : Emin=    0 eV  Emax=    1 GeV  ModifiedTsai
            eBremLPM : Emin=    1 GeV Emax=  100 TeV  ModifiedTsai
G4VUserPhysicsList::BuildPhysicsTable  Calculate Physics Table for e+
G4VUserPhysicsList::BuildPhysicsTable %%%%%% e+
 ProcessManager : 0x21bc140 ProcessManagerShadow : 0x21bc140
  0 - Transportation
  1 - msc
  2 - eIoni
  3 - eBrem
  4 - annihil
--------------------------------------------------------------
  0 - Transportation
  1 - msc
  2 - eIoni
  3 - eBrem
  4 - annihil

msc:  for e+  SubType= 10
      ===== EM models for the G4Region  DefaultRegionForTheWorld ======
            UrbanMsc : Emin=    0 eV  Emax=  100 TeV Nbins=84 100 eV  - 100 TeV
          StepLim=UseSafety Rfact=0.04 Gfact=2.5 Sfact=0.6 DispFlag:1 Skin=1 Llim=1 mm

eIoni:  for e+  XStype:3  SubType=2
      dE/dx and range tables from 100 eV  to 100 TeV in 84 bins
      Lambda tables from threshold to 100 TeV, 7 bins/decade, spline: 1
      StepFunction=(0.2, 1 mm), integ: 3, fluct: 1, linLossLim= 0.01
      ===== EM models for the G4Region  DefaultRegionForTheWorld ======
        MollerBhabha : Emin=    0 eV  Emax=  100 TeV

eBrem:  for e+  XStype:4  SubType=3
      dE/dx and range tables from 100 eV  to 100 TeV in 84 bins
      Lambda tables from threshold to 100 TeV, 7 bins/decade, spline: 1
      LPM flag: 1 for E > 1 GeV,  VertexHighEnergyTh(GeV)= 100000
      ===== EM models for the G4Region  DefaultRegionForTheWorld ======
             eBremSB : Emin=    0 eV  Emax=    1 GeV  ModifiedTsai
            eBremLPM : Emin=    1 GeV Emax=  100 TeV  ModifiedTsai

annihil:  for e+ XStype:2 SubType=5 BuildTable=0
      ===== EM models for the G4Region  DefaultRegionForTheWorld ======
            eplus2gg : Emin=    0 eV  Emax=  100 TeV
G4VUserPhysicsList::BuildPhysicsTable  Calculate Physics Table for proton
G4VUserPhysicsList::BuildPhysicsTable %%%%%% proton
 ProcessManager : 0x21bfb10 ProcessManagerShadow : 0x21bfb10
  0 - Transportation
  1 - msc
  2 - hIoni
--------------------------------------------------------------
  0 - Transportation
  1 - msc
  2 - hIoni

msc:  for proton  SubType= 10
      ===== EM models for the G4Region  DefaultRegionForTheWorld ======
            UrbanMsc : Emin=    0 eV  Emax=  100 TeV Nbins=84 100 eV  - 100 TeV
          StepLim=Minimal Rfact=0.2 Gfact=2.5 Sfact=0.6 DispFlag:0 Skin=1 Llim=1 mm

hIoni:  for proton  XStype:3  SubType=2
      dE/dx and range tables from 100 eV  to 100 TeV in 84 bins
      Lambda tables from threshold to 100 TeV, 7 bins/decade, spline: 1
      StepFunction=(0.2, 0.1 mm), integ: 3, fluct: 1, linLossLim= 0.01
      ===== EM models for the G4Region  DefaultRegionForTheWorld ======
               Bragg : Emin=    0 eV  Emax=    2 MeV
          BetheBloch : Emin=    2 MeV Emax=  100 TeV
G4VUserPhysicsList::BuildPhysicsTable  Calculate Physics Table for GenericIon
G4VUserPhysicsList::BuildPhysicsTable %%%%%% GenericIon
 ProcessManager : 0x21b41b0 ProcessManagerShadow : 0x21b41b0
  0 - Transportation
  1 - msc
  2 - hIoni
--------------------------------------------------------------
  0 - Transportation
  1 - msc
  2 - hIoni

msc:  for GenericIon  SubType= 10
      ===== EM models for the G4Region  DefaultRegionForTheWorld ======
            UrbanMsc : Emin=    0 eV  Emax=  100 TeV
          StepLim=Minimal Rfact=0.2 Gfact=2.5 Sfact=0.6 DispFlag:0 Skin=1 Llim=1 mm

hIoni:  for GenericIon  XStype:3  SubType=2
      dE/dx and range tables from 100 eV  to 100 TeV in 84 bins
      Lambda tables from threshold to 100 TeV, 7 bins/decade, spline: 1
      StepFunction=(0.2, 0.1 mm), integ: 3, fluct: 1, linLossLim= 0.01
      ===== EM models for the G4Region  DefaultRegionForTheWorld ======
               Bragg : Emin=    0 eV  Emax=    2 MeV
          BetheBloch : Emin=    2 MeV Emax=  100 TeV
G4VUserPhysicsList::BuildPhysicsTable  Calculate Physics Table for He3
G4VUserPhysicsList::BuildPhysicsTable %%%%%% He3
 ProcessManager : 0x21b85e0 ProcessManagerShadow : 0x21b85e0
  0 - Transportation
  1 - msc
  2 - hIoni
--------------------------------------------------------------
  0 - Transportation
  1 - msc
  2 - hIoni
G4VUserPhysicsList::BuildPhysicsTable  Calculate Physics Table for alpha
G4VUserPhysicsList::BuildPhysicsTable %%%%%% alpha
 ProcessManager : 0x21b8770 ProcessManagerShadow : 0x21b8770
  0 - Transportation
  1 - msc
  2 - hIoni
--------------------------------------------------------------
  0 - Transportation
  1 - msc
  2 - hIoni

msc:  for alpha  SubType= 10
      ===== EM models for the G4Region  DefaultRegionForTheWorld ======
            UrbanMsc : Emin=    0 eV  Emax=  100 TeV
          StepLim=Minimal Rfact=0.2 Gfact=2.5 Sfact=0.6 DispFlag:0 Skin=1 Llim=1 mm

hIoni:  for alpha  XStype:3  SubType=2
      dE/dx and range tables from 100 eV  to 100 TeV in 84 bins
      Lambda tables from threshold to 100 TeV, 7 bins/decade, spline: 1
      StepFunction=(0.2, 0.1 mm), integ: 3, fluct: 1, linLossLim= 0.01
      ===== EM models for the G4Region  DefaultRegionForTheWorld ======
               Bragg : Emin=    0 eV  Emax=7.9452 MeV
          BetheBloch : Emin=7.9452 MeV Emax=  100 TeV
G4VUserPhysicsList::BuildPhysicsTable  Calculate Physics Table for anti_He3
G4VUserPhysicsList::BuildPhysicsTable %%%%%% anti_He3
 ProcessManager : 0x21b89c0 ProcessManagerShadow : 0x21b89c0
  0 - Transportation
  1 - msc
  2 - hIoni
--------------------------------------------------------------
  0 - Transportation
  1 - msc
  2 - hIoni
G4VUserPhysicsList::BuildPhysicsTable  Calculate Physics Table for anti_alpha
G4VUserPhysicsList::BuildPhysicsTable %%%%%% anti_alpha
 ProcessManager : 0x21b8c10 ProcessManagerShadow : 0x21b8c10
  0 - Transportation
  1 - msc
  2 - hIoni
--------------------------------------------------------------
  0 - Transportation
  1 - msc
  2 - hIoni
G4VUserPhysicsList::BuildPhysicsTable  Calculate Physics Table for anti_deuteron
G4VUserPhysicsList::BuildPhysicsTable %%%%%% anti_deuteron
 ProcessManager : 0x21b8e60 ProcessManagerShadow : 0x21b8e60
  0 - Transportation
  1 - msc
  2 - hIoni
--------------------------------------------------------------
  0 - Transportation
  1 - msc
  2 - hIoni
G4VUserPhysicsList::BuildPhysicsTable  Calculate Physics Table for anti_doublehyperH4
G4VUserPhysicsList::BuildPhysicsTable %%%%%% anti_doublehyperH4
 ProcessManager : 0x21b90b0 ProcessManagerShadow : 0x21b90b0
  0 - Transportation
  1 - Decay
  2 - msc
  3 - hIoni
--------------------------------------------------------------
  0 - Transportation
  1 - Decay
  2 - msc
  3 - hIoni
G4VUserPhysicsList::BuildPhysicsTable  Calculate Physics Table for anti_doublehyperdoubleneutron
G4VUserPhysicsList::BuildPhysicsTable %%%%%% anti_doublehyperdoubleneutron
 ProcessManager : 0x21b9300 ProcessManagerShadow : 0x21b9300
  0 - Transportation
  1 - Decay
--------------------------------------------------------------
  0 - Transportation
  1 - Decay
G4VUserPhysicsList::BuildPhysicsTable  Calculate Physics Table for anti_hyperH4
G4VUserPhysicsList::BuildPhysicsTable %%%%%% anti_hyperH4
 ProcessManager : 0x21b9550 ProcessManagerShadow : 0x21b9550
  0 - Transportation
  1 - Decay
  2 - msc
  3 - hIoni
--------------------------------------------------------------
  0 - Transportation
  1 - Decay
  2 - msc
  3 - hIoni
G4VUserPhysicsList::BuildPhysicsTable  Calculate Physics Table for anti_hyperHe5
G4VUserPhysicsList::BuildPhysicsTable %%%%%% anti_hyperHe5
 ProcessManager : 0x21b97a0 ProcessManagerShadow : 0x21b97a0
  0 - Transportation
  1 - Decay
  2 - msc
  3 - hIoni
--------------------------------------------------------------
  0 - Transportation
  1 - Decay
  2 - msc
  3 - hIoni
G4VUserPhysicsList::BuildPhysicsTable  Calculate Physics Table for anti_hyperalpha
G4VUserPhysicsList::BuildPhysicsTable %%%%%% anti_hyperalpha
 ProcessManager : 0x21b99f0 ProcessManagerShadow : 0x21b99f0
  0 - Transportation
  1 - Decay
  2 - msc
  3 - hIoni
--------------------------------------------------------------
  0 - Transportation
  1 - Decay
  2 - msc
  3 - hIoni
G4VUserPhysicsList::BuildPhysicsTable  Calculate Physics Table for anti_hypertriton
G4VUserPhysicsList::BuildPhysicsTable %%%%%% anti_hypertriton
 ProcessManager : 0x21b9c40 ProcessManagerShadow : 0x21b9c40
  0 - Transportation
  1 - Decay
  2 - msc
  3 - hIoni
--------------------------------------------------------------
  0 - Transportation
  1 - Decay
  2 - msc
  3 - hIoni
G4VUserPhysicsList::BuildPhysicsTable  Calculate Physics Table for anti_kaon0
G4VUserPhysicsList::BuildPhysicsTable %%%%%% anti_kaon0
 ProcessManager : 0x21b9e90 ProcessManagerShadow : 0x21b9e90
  0 - Transportation
  1 - Decay
--------------------------------------------------------------
  0 - Transportation
  1 - Decay
G4VUserPhysicsList::BuildPhysicsTable  Calculate Physics Table for anti_lambda
G4VUserPhysicsList::BuildPhysicsTable %%%%%% anti_lambda
 ProcessManager : 0x21ba0e0 ProcessManagerShadow : 0x21ba0e0
  0 - Transportation
  1 - Decay
--------------------------------------------------------------
  0 - Transportation
  1 - Decay
G4VUserPhysicsList::BuildPhysicsTable  Calculate Physics Table for anti_neutron
G4VUserPhysicsList::BuildPhysicsTable %%%%%% anti_neutron
 ProcessManager : 0x21ba330 ProcessManagerShadow : 0x21ba330
  0 - Transportation
  1 - Decay
--------------------------------------------------------------
  0 - Transportation
  1 - Decay
G4VUserPhysicsList::BuildPhysicsTable  Calculate Physics Table for anti_nu_e
G4VUserPhysicsList::BuildPhysicsTable %%%%%% anti_nu_e
 ProcessManager : 0x21ba580 ProcessManagerShadow : 0x21ba580
  0 - Transportation
--------------------------------------------------------------
  0 - Transportation
G4VUserPhysicsList::BuildPhysicsTable  Calculate Physics Table for anti_nu_mu
G4VUserPhysicsList::BuildPhysicsTable %%%%%% anti_nu_mu
 ProcessManager : 0x21ba7d0 ProcessManagerShadow : 0x21ba7d0
  0 - Transportation
--------------------------------------------------------------
  0 - Transportation
G4VUserPhysicsList::BuildPhysicsTable  Calculate Physics Table for anti_omega-
G4VUserPhysicsList::BuildPhysicsTable %%%%%% anti_omega-
 ProcessManager : 0x21baa20 ProcessManagerShadow : 0x21baa20
  0 - Transportation
  1 - Decay
  2 - msc
  3 - hIoni
--------------------------------------------------------------
  0 - Transportation
  1 - Decay
  2 - msc
  3 - hIoni
G4VUserPhysicsList::BuildPhysicsTable  Calculate Physics Table for anti_proton
G4VUserPhysicsList::BuildPhysicsTable %%%%%% anti_proton
 ProcessManager : 0x21bac70 ProcessManagerShadow : 0x21bac70
  0 - Transportation
  1 - msc
  2 - hIoni
--------------------------------------------------------------
  0 - Transportation
  1 - msc
  2 - hIoni

msc:  for anti_proton  SubType= 10
      ===== EM models for the G4Region  DefaultRegionForTheWorld ======
            UrbanMsc : Emin=    0 eV  Emax=  100 TeV Nbins=84 100 eV  - 100 TeV
          StepLim=Minimal Rfact=0.2 Gfact=2.5 Sfact=0.6 DispFlag:0 Skin=1 Llim=1 mm

hIoni:  for anti_proton  XStype:3  SubType=2
      dE/dx and range tables from 100 eV  to 100 TeV in 84 bins
      Lambda tables from threshold to 100 TeV, 7 bins/decade, spline: 1
      StepFunction=(0.2, 0.1 mm), integ: 3, fluct: 1, linLossLim= 0.01
      ===== EM models for the G4Region  DefaultRegionForTheWorld ======
            ICRU73QO : Emin=    0 eV  Emax=    2 MeV
          BetheBloch : Emin=    2 MeV Emax=  100 TeV
G4VUserPhysicsList::BuildPhysicsTable  Calculate Physics Table for anti_sigma0
G4VUserPhysicsList::BuildPhysicsTable %%%%%% anti_sigma0
 ProcessManager : 0x21baec0 ProcessManagerShadow : 0x21baec0
  0 - Transportation
  1 - Decay
--------------------------------------------------------------
  0 - Transportation
  1 - Decay
G4VUserPhysicsList::BuildPhysicsTable  Calculate Physics Table for anti_triton
G4VUserPhysicsList::BuildPhysicsTable %%%%%% anti_triton
 ProcessManager : 0x21bb110 ProcessManagerShadow : 0x21bb110
  0 - Transportation
  1 - Decay
  2 - msc
  3 - hIoni
--------------------------------------------------------------
  0 - Transportation
  1 - Decay
  2 - msc
  3 - hIoni
G4VUserPhysicsList::BuildPhysicsTable  Calculate Physics Table for anti_xi-
G4VUserPhysicsList::BuildPhysicsTable %%%%%% anti_xi-
 ProcessManager : 0x21bb360 ProcessManagerShadow : 0x21bb360
  0 - Transportation
  1 - Decay
  2 - msc
  3 - hIoni
--------------------------------------------------------------
  0 - Transportation
  1 - Decay
  2 - msc
  3 - hIoni
G4VUserPhysicsList::BuildPhysicsTable  Calculate Physics Table for anti_xi0
G4VUserPhysicsList::BuildPhysicsTable %%%%%% anti_xi0
 ProcessManager : 0x21bb5b0 ProcessManagerShadow : 0x21bb5b0
  0 - Transportation
  1 - Decay
--------------------------------------------------------------
  0 - Transportation
  1 - Decay
G4VUserPhysicsList::BuildPhysicsTable  Calculate Physics Table for chargedgeantino
G4VUserPhysicsList::BuildPhysicsTable %%%%%% chargedgeantino
 ProcessManager : 0x21bb800 ProcessManagerShadow : 0x21bb800
  0 - Transportation
--------------------------------------------------------------
  0 - Transportation
G4VUserPhysicsList::BuildPhysicsTable  Calculate Physics Table for deuteron
G4VUserPhysicsList::BuildPhysicsTable %%%%%% deuteron
 ProcessManager : 0x21bba50 ProcessManagerShadow : 0x21bba50
  0 - Transportation
  1 - msc
  2 - hIoni
--------------------------------------------------------------
  0 - Transportation
  1 - msc
  2 - hIoni
G4VUserPhysicsList::BuildPhysicsTable  Calculate Physics Table for doublehyperH4
G4VUserPhysicsList::BuildPhysicsTable %%%%%% doublehyperH4
 ProcessManager : 0x21bbca0 ProcessManagerShadow : 0x21bbca0
  0 - Transportation
  1 - Decay
  2 - msc
  3 - hIoni
--------------------------------------------------------------
  0 - Transportation
  1 - Decay
  2 - msc
  3 - hIoni
G4VUserPhysicsList::BuildPhysicsTable  Calculate Physics Table for doublehyperdoubleneutron
G4VUserPhysicsList::BuildPhysicsTable %%%%%% doublehyperdoubleneutron
 ProcessManager : 0x21bbef0 ProcessManagerShadow : 0x21bbef0
  0 - Transportation
  1 - Decay
--------------------------------------------------------------
  0 - Transportation
  1 - Decay
G4VUserPhysicsList::BuildPhysicsTable  Calculate Physics Table for eta
G4VUserPhysicsList::BuildPhysicsTable %%%%%% eta
 ProcessManager : 0x21bc5e0 ProcessManagerShadow : 0x21bc5e0
  0 - Transportation
  1 - Decay
--------------------------------------------------------------
  0 - Transportation
  1 - Decay
G4VUserPhysicsList::BuildPhysicsTable  Calculate Physics Table for eta_prime
G4VUserPhysicsList::BuildPhysicsTable %%%%%% eta_prime
 ProcessManager : 0x21bc830 ProcessManagerShadow : 0x21bc830
  0 - Transportation
  1 - Decay
--------------------------------------------------------------
  0 - Transportation
  1 - Decay
G4VUserPhysicsList::BuildPhysicsTable  Calculate Physics Table for geantino
G4VUserPhysicsList::BuildPhysicsTable %%%%%% geantino
 ProcessManager : 0x21bccd0 ProcessManagerShadow : 0x21bccd0
  0 - Transportation
--------------------------------------------------------------
  0 - Transportation
G4VUserPhysicsList::BuildPhysicsTable  Calculate Physics Table for hyperH4
G4VUserPhysicsList::BuildPhysicsTable %%%%%% hyperH4
 ProcessManager : 0x21bcf20 ProcessManagerShadow : 0x21bcf20
  0 - Transportation
  1 - Decay
  2 - msc
  3 - hIoni
--------------------------------------------------------------
  0 - Transportation
  1 - Decay
  2 - msc
  3 - hIoni
G4VUserPhysicsList::BuildPhysicsTable  Calculate Physics Table for hyperHe5
G4VUserPhysicsList::BuildPhysicsTable %%%%%% hyperHe5
 ProcessManager : 0x21bd170 ProcessManagerShadow : 0x21bd170
  0 - Transportation
  1 - Decay
  2 - msc
  3 - hIoni
--------------------------------------------------------------
  0 - Transportation
  1 - Decay
  2 - msc
  3 - hIoni
G4VUserPhysicsList::BuildPhysicsTable  Calculate Physics Table for hyperalpha
G4VUserPhysicsList::BuildPhysicsTable %%%%%% hyperalpha
 ProcessManager : 0x21bd3c0 ProcessManagerShadow : 0x21bd3c0
  0 - Transportation
  1 - Decay
  2 - msc
  3 - hIoni
--------------------------------------------------------------
  0 - Transportation
  1 - Decay
  2 - msc
  3 - hIoni
G4VUserPhysicsList::BuildPhysicsTable  Calculate Physics Table for hypertriton
G4VUserPhysicsList::BuildPhysicsTable %%%%%% hypertriton
 ProcessManager : 0x21bd610 ProcessManagerShadow : 0x21bd610
  0 - Transportation
  1 - Decay
  2 - msc
  3 - hIoni
--------------------------------------------------------------
  0 - Transportation
  1 - Decay
  2 - msc
  3 - hIoni
G4VUserPhysicsList::BuildPhysicsTable  Calculate Physics Table for kaon+
G4VUserPhysicsList::BuildPhysicsTable %%%%%% kaon+
 ProcessManager : 0x21bd860 ProcessManagerShadow : 0x21bd860
  0 - Transportation
  1 - Decay
  2 - msc
  3 - hIoni
--------------------------------------------------------------
  0 - Transportation
  1 - Decay
  2 - msc
  3 - hIoni

msc:  for kaon+  SubType= 10
      ===== EM models for the G4Region  DefaultRegionForTheWorld ======
            UrbanMsc : Emin=    0 eV  Emax=  100 TeV Nbins=84 100 eV  - 100 TeV
          StepLim=Minimal Rfact=0.2 Gfact=2.5 Sfact=0.6 DispFlag:0 Skin=1 Llim=1 mm

hIoni:  for kaon+  XStype:3  SubType=2
      dE/dx and range tables from 100 eV  to 100 TeV in 84 bins
      Lambda tables from threshold to 100 TeV, 7 bins/decade, spline: 1
      StepFunction=(0.2, 0.1 mm), integ: 3, fluct: 1, linLossLim= 0.01
      ===== EM models for the G4Region  DefaultRegionForTheWorld ======
               Bragg : Emin=    0 eV  Emax=1.05231 MeV
          BetheBloch : Emin=1.05231 MeV Emax=  100 TeV
G4VUserPhysicsList::BuildPhysicsTable  Calculate Physics Table for kaon-
G4VUserPhysicsList::BuildPhysicsTable %%%%%% kaon-
 ProcessManager : 0x21bdab0 ProcessManagerShadow : 0x21bdab0
  0 - Transportation
  1 - Decay
  2 - msc
  3 - hIoni
--------------------------------------------------------------
  0 - Transportation
  1 - Decay
  2 - msc
  3 - hIoni

msc:  for kaon-  SubType= 10
      ===== EM models for the G4Region  DefaultRegionForTheWorld ======
            UrbanMsc : Emin=    0 eV  Emax=  100 TeV Nbins=84 100 eV  - 100 TeV
          StepLim=Minimal Rfact=0.2 Gfact=2.5 Sfact=0.6 DispFlag:0 Skin=1 Llim=1 mm

hIoni:  for kaon-  XStype:3  SubType=2
      dE/dx and range tables from 100 eV  to 100 TeV in 84 bins
      Lambda tables from threshold to 100 TeV, 7 bins/decade, spline: 1
      StepFunction=(0.2, 0.1 mm), integ: 3, fluct: 1, linLossLim= 0.01
      ===== EM models for the G4Region  DefaultRegionForTheWorld ======
            ICRU73QO : Emin=    0 eV  Emax=1.05231 MeV
          BetheBloch : Emin=1.05231 MeV Emax=  100 TeV
G4VUserPhysicsList::BuildPhysicsTable  Calculate Physics Table for kaon0
G4VUserPhysicsList::BuildPhysicsTable %%%%%% kaon0
 ProcessManager : 0x21bdd00 ProcessManagerShadow : 0x21bdd00
  0 - Transportation
  1 - Decay
--------------------------------------------------------------
  0 - Transportation
  1 - Decay
G4VUserPhysicsList::BuildPhysicsTable  Calculate Physics Table for kaon0L
G4VUserPhysicsList::BuildPhysicsTable %%%%%% kaon0L
 ProcessManager : 0x21bdf50 ProcessManagerShadow : 0x21bdf50
  0 - Transportation
  1 - Decay
--------------------------------------------------------------
  0 - Transportation
  1 - Decay
G4VUserPhysicsList::BuildPhysicsTable  Calculate Physics Table for kaon0S
G4VUserPhysicsList::BuildPhysicsTable %%%%%% kaon0S
 ProcessManager : 0x21be1a0 ProcessManagerShadow : 0x21be1a0
  0 - Transportation
  1 - Decay
--------------------------------------------------------------
  0 - Transportation
  1 - Decay
G4VUserPhysicsList::BuildPhysicsTable  Calculate Physics Table for lambda
G4VUserPhysicsList::BuildPhysicsTable %%%%%% lambda
 ProcessManager : 0x21be3f0 ProcessManagerShadow : 0x21be3f0
  0 - Transportation
  1 - Decay
--------------------------------------------------------------
  0 - Transportation
  1 - Decay
G4VUserPhysicsList::BuildPhysicsTable  Calculate Physics Table for mu+
G4VUserPhysicsList::BuildPhysicsTable %%%%%% mu+
 ProcessManager : 0x21be640 ProcessManagerShadow : 0x21be640
  0 - Transportation
  1 - Decay
  2 - msc
  3 - muIoni
  4 - muBrems
  5 - muPairProd
--------------------------------------------------------------
  0 - Transportation
  1 - Decay
  2 - msc
  3 - muIoni
  4 - muBrems
  5 - muPairProd

msc:  for mu+  SubType= 10
      ===== EM models for the G4Region  DefaultRegionForTheWorld ======
            UrbanMsc : Emin=    0 eV  Emax=  100 TeV Nbins=84 100 eV  - 100 TeV
          StepLim=Minimal Rfact=0.2 Gfact=2.5 Sfact=0.6 DispFlag:0 Skin=1 Llim=1 mm

muIoni:  for mu+  XStype:3  SubType=2
      dE/dx and range tables from 100 eV  to 100 TeV in 84 bins
      Lambda tables from threshold to 100 TeV, 7 bins/decade, spline: 1
      StepFunction=(0.2, 0.1 mm), integ: 3, fluct: 1, linLossLim= 0.01
      ===== EM models for the G4Region  DefaultRegionForTheWorld ======
               Bragg : Emin=    0 eV  Emax=  200 keV
        MuBetheBloch : Emin=  200 keV Emax=  100 TeV

muBrems:  for mu+  XStype:1  SubType=3
      dE/dx and range tables from 100 eV  to 100 TeV in 84 bins
      Lambda tables from threshold to 100 TeV, 7 bins/decade, spline: 1
      ===== EM models for the G4Region  DefaultRegionForTheWorld ======
              MuBrem : Emin=    0 eV  Emax=  100 TeV  ModifiedMephi

muPairProd:  for mu+  XStype:1  SubType=4
      dE/dx and range tables from 100 eV  to 100 TeV in 84 bins
      Lambda tables from threshold to 100 TeV, 7 bins/decade, spline: 1
      Sampling table 21x1001; from 0.85 GeV to 100 TeV 
      ===== EM models for the G4Region  DefaultRegionForTheWorld ======
          muPairProd : Emin=    0 eV  Emax=  100 TeV  ModifiedMephi
G4VUserPhysicsList::BuildPhysicsTable  Calculate Physics Table for mu-
G4VUserPhysicsList::BuildPhysicsTable %%%%%% mu-
 ProcessManager : 0x21be890 ProcessManagerShadow : 0x21be890
  0 - Transportation
  1 - Decay
  2 - msc
  3 - muIoni
  4 - muBrems
  5 - muPairProd
--------------------------------------------------------------
  0 - Transportation
  1 - Decay
  2 - msc
  3 - muIoni
  4 - muBrems
  5 - muPairProd

msc:  for mu-  SubType= 10
      ===== EM models for the G4Region  DefaultRegionForTheWorld ======
            UrbanMsc : Emin=    0 eV  Emax=  100 TeV Nbins=84 100 eV  - 100 TeV
          StepLim=Minimal Rfact=0.2 Gfact=2.5 Sfact=0.6 DispFlag:0 Skin=1 Llim=1 mm

muIoni:  for mu-  XStype:3  SubType=2
      dE/dx and range tables from 100 eV  to 100 TeV in 84 bins
      Lambda tables from threshold to 100 TeV, 7 bins/decade, spline: 1
      StepFunction=(0.2, 0.1 mm), integ: 3, fluct: 1, linLossLim= 0.01
      ===== EM models for the G4Region  DefaultRegionForTheWorld ======
            ICRU73QO : Emin=    0 eV  Emax=  200 keV
        MuBetheBloch : Emin=  200 keV Emax=  100 TeV

muBrems:  for mu-  XStype:1  SubType=3
      dE/dx and range tables from 100 eV  to 100 TeV in 84 bins
      Lambda tables from threshold to 100 TeV, 7 bins/decade, spline: 1
      ===== EM models for the G4Region  DefaultRegionForTheWorld ======
              MuBrem : Emin=    0 eV  Emax=  100 TeV  ModifiedMephi

muPairProd:  for mu-  XStype:1  SubType=4
      dE/dx and range tables from 100 eV  to 100 TeV in 84 bins
      Lambda tables from threshold to 100 TeV, 7 bins/decade, spline: 1
      Sampling table 21x1001; from 0.85 GeV to 100 TeV 
      ===== EM models for the G4Region  DefaultRegionForTheWorld ======
          muPairProd : Emin=    0 eV  Emax=  100 TeV  ModifiedMephi
G4VUserPhysicsList::BuildPhysicsTable  Calculate Physics Table for neutron
G4VUserPhysicsList::BuildPhysicsTable %%%%%% neutron
 ProcessManager : 0x21beae0 ProcessManagerShadow : 0x21beae0
  0 - Transportation
  1 - Decay
--------------------------------------------------------------
  0 - Transportation
  1 - Decay
G4VUserPhysicsList::BuildPhysicsTable  Calculate Physics Table for nu_e
G4VUserPhysicsList::BuildPhysicsTable %%%%%% nu_e
 ProcessManager : 0x21bed30 ProcessManagerShadow : 0x21bed30
  0 - Transportation
--------------------------------------------------------------
  0 - Transportation
G4VUserPhysicsList::BuildPhysicsTable  Calculate Physics Table for nu_mu
G4VUserPhysicsList::BuildPhysicsTable %%%%%% nu_mu
 ProcessManager : 0x21bef80 ProcessManagerShadow : 0x21bef80
  0 - Transportation
--------------------------------------------------------------
  0 - Transportation
G4VUserPhysicsList::BuildPhysicsTable  Calculate Physics Table for omega-
G4VUserPhysicsList::BuildPhysicsTable %%%%%% omega-
 ProcessManager : 0x21bf1d0 ProcessManagerShadow : 0x21bf1d0
  0 - Transportation
  1 - Decay
  2 - msc
  3 - hIoni
--------------------------------------------------------------
  0 - Transportation
  1 - Decay
  2 - msc
  3 - hIoni
G4VUserPhysicsList::BuildPhysicsTable  Calculate Physics Table for pi+
G4VUserPhysicsList::BuildPhysicsTable %%%%%% pi+
 ProcessManager : 0x21bf420 ProcessManagerShadow : 0x21bf420
  0 - Transportation
  1 - Decay
  2 - msc
  3 - hIoni
--------------------------------------------------------------
  0 - Transportation
  1 - Decay
  2 - msc
  3 - hIoni

msc:  for pi+  SubType= 10
      ===== EM models for the G4Region  DefaultRegionForTheWorld ======
            UrbanMsc : Emin=    0 eV  Emax=  100 TeV Nbins=84 100 eV  - 100 TeV
          StepLim=Minimal Rfact=0.2 Gfact=2.5 Sfact=0.6 DispFlag:0 Skin=1 Llim=1 mm

hIoni:  for pi+  XStype:3  SubType=2
      dE/dx and range tables from 100 eV  to 100 TeV in 84 bins
      Lambda tables from threshold to 100 TeV, 7 bins/decade, spline: 1
      StepFunction=(0.2, 0.1 mm), integ: 3, fluct: 1, linLossLim= 0.01
      ===== EM models for the G4Region  DefaultRegionForTheWorld ======
               Bragg : Emin=    0 eV  Emax=297.505 keV
          BetheBloch : Emin=297.505 keV Emax=  100 TeV
G4VUserPhysicsList::BuildPhysicsTable  Calculate Physics Table for pi-
G4VUserPhysicsList::BuildPhysicsTable %%%%%% pi-
 ProcessManager : 0x21bf670 ProcessManagerShadow : 0x21bf670
  0 - Transportation
  1 - Decay
  2 - msc
  3 - hIoni
--------------------------------------------------------------
  0 - Transportation
  1 - Decay
  2 - msc
  3 - hIoni

msc:  for pi-  SubType= 10
      ===== EM models for the G4Region  DefaultRegionForTheWorld ======
            UrbanMsc : Emin=    0 eV  Emax=  100 TeV Nbins=84 100 eV  - 100 TeV
          StepLim=Minimal Rfact=0.2 Gfact=2.5 Sfact=0.6 DispFlag:0 Skin=1 Llim=1 mm

hIoni:  for pi-  XStype:3  SubType=2
      dE/dx and range tables from 100 eV  to 100 TeV in 84 bins
      Lambda tables from threshold to 100 TeV, 7 bins/decade, spline: 1
      StepFunction=(0.2, 0.1 mm), integ: 3, fluct: 1, linLossLim= 0.01
      ===== EM models for the G4Region  DefaultRegionForTheWorld ======
            ICRU73QO : Emin=    0 eV  Emax=297.505 keV
          BetheBloch : Emin=297.505 keV Emax=  100 TeV
G4VUserPhysicsList::BuildPhysicsTable  Calculate Physics Table for pi0
G4VUserPhysicsList::BuildPhysicsTable %%%%%% pi0
 ProcessManager : 0x21bf8c0 ProcessManagerShadow : 0x21bf8c0
  0 - Transportation
  1 - Decay
--------------------------------------------------------------
  0 - Transportation
  1 - Decay
G4VUserPhysicsList::BuildPhysicsTable  Calculate Physics Table for sigma+
G4VUserPhysicsList::BuildPhysicsTable %%%%%% sigma+
 ProcessManager : 0x21bfd60 ProcessManagerShadow : 0x21bfd60
  0 - Transportation
  1 - Decay
  2 - msc
  3 - hIoni
--------------------------------------------------------------
  0 - Transportation
  1 - Decay
  2 - msc
  3 - hIoni
G4VUserPhysicsList::BuildPhysicsTable  Calculate Physics Table for sigma-
G4VUserPhysicsList::BuildPhysicsTable %%%%%% sigma-
 ProcessManager : 0x21bffb0 ProcessManagerShadow : 0x21bffb0
  0 - Transportation
  1 - Decay
  2 - msc
  3 - hIoni
--------------------------------------------------------------
  0 - Transportation
  1 - Decay
  2 - msc
  3 - hIoni
G4VUserPhysicsList::BuildPhysicsTable  Calculate Physics Table for sigma0
G4VUserPhysicsList::BuildPhysicsTable %%%%%% sigma0
 ProcessManager : 0x21c0200 ProcessManagerShadow : 0x21c0200
  0 - Transportation
  1 - Decay
--------------------------------------------------------------
  0 - Transportation
  1 - Decay
G4VUserPhysicsList::BuildPhysicsTable  Calculate Physics Table for triton
G4VUserPhysicsList::BuildPhysicsTable %%%%%% triton
 ProcessManager : 0x21c0450 ProcessManagerShadow : 0x21c0450
  0 - Transportation
  1 - Decay
  2 - msc
  3 - hIoni
--------------------------------------------------------------
  0 - Transportation
  1 - Decay
  2 - msc
  3 - hIoni
G4VUserPhysicsList::BuildPhysicsTable  Calculate Physics Table for xi-
G4VUserPhysicsList::BuildPhysicsTable %%%%%% xi-
 ProcessManager : 0x21c06a0 ProcessManagerShadow : 0x21c06a0
  0 - Transportation
  1 - Decay
  2 - msc
  3 - hIoni
--------------------------------------------------------------
  0 - Transportation
  1 - Decay
  2 - msc
  3 - hIoni
G4VUserPhysicsList::BuildPhysicsTable  Calculate Physics Table for xi0
G4VUserPhysicsList::BuildPhysicsTable %%%%%% xi0
 ProcessManager : 0x21c08f0 ProcessManagerShadow : 0x21c08f0
  0 - Transportation
  1 - Decay
--------------------------------------------------------------
  0 - Transportation
  1 - Decay

Region <DefaultRegionForTheWorld> --  -- appears in <worldPhysical> world volume
 This region is in the mass world.
 Root logical volume(s) : worldLogical 
 Pointers : G4VUserRegionInformation[0], G4UserLimits[0], G4FastSimulationManager[0], G4UserSteppingAction[0]
 Materials : G4_AIR G4_STAINLESS-STEEL 
 Production cuts :   gamma 1 mm      e- 1 mm      e+ 1 mm  proton 1 mm 

Region <DefaultRegionForParallelWorld> --  -- is not associated to any world.
 Root logical volume(s) : 
 Pointers : G4VUserRegionInformation[0], G4UserLimits[0], G4FastSimulationManager[0], G4UserSteppingAction[0]
 Materials : 
 Production cuts :   gamma 1 mm      e- 1 mm      e+ 1 mm  proton 1 mm 

========= Table of registered couples ============================

Index : 0     used in the geometry : Yes
 Material : G4_AIR
 Range cuts        :  gamma  1 mm     e-  1 mm     e+  1 mm  proton 1 mm 
 Energy thresholds :  gamma  990 eV     e-  990 eV     e+  990 eV  proton 100 keV
 Region(s) which use this couple : 
    DefaultRegionForTheWorld

Index : 1     used in the geometry : Yes
 Material : G4_STAINLESS-STEEL
 Range cuts        :  gamma  1 mm     e-  1 mm     e+  1 mm  proton 1 mm 
 Energy thresholds :  gamma  20.8224 keV    e-  1.30828 MeV    e+  1.23589 MeV proton 100 keV
 Region(s) which use this couple : 
    DefaultRegionForTheWorld

==================================================================

Start closing geometry.
G4GeometryManager::ReportVoxelStats -- Voxel Statistics

    Total memory consumed for geometry optimisation:   152 kByte
    Total CPU time elapsed for geometry optimisation: 0 seconds

    Voxelisation: top CPU users:
    Percent   Total CPU    System CPU       Memory  Volume
    -------   ----------   ----------     --------  ----------
       0.00         0.00         0.00          152k worldLogical
       0.00         0.00         0.00            0k detector_0
       0.00         0.00         0.00            0k detector_1

    Voxelisation: top memory users:
    Percent     Memory      Heads    Nodes   Pointers    Total CPU    Volume
    -------   --------     ------   ------   --------   ----------    ----------
      99.68        151k       372     1639       6249         0.00    worldLogical
       0.16          0k         1        3          4         0.00    detector_0
       0.16          0k         1        3          4         0.00    detector_1
G4VisManager: Using G4TrajectoryDrawByCharge as fallback trajectory model.
See commands in /vis/modeling/trajectories/ for other options.
### Run 0 starts.
 Run terminated.
Run Summary
  Number of events processed : 100000
  User=15.040000s Real=15.144393s Sys=0.010000s [Cpu=99.4%]
Graphics systems deleted.
Visualization Manager deleting...
G4 kernel has come to Quit state.
UserDetectorConstruction deleted.
G4VUserPhysicsList::RemoveProcessManager: remove ProcessManager from GenericIon
G4VUserPhysicsList::RemoveProcessManager: remove ProcessManager from He3
G4VUserPhysicsList::RemoveProcessManager: remove ProcessManager from alpha
G4VUserPhysicsList::RemoveProcessManager: remove ProcessManager from anti_He3
G4VUserPhysicsList::RemoveProcessManager: remove ProcessManager from anti_alpha
G4VUserPhysicsList::RemoveProcessManager: remove ProcessManager from anti_deuteron
G4VUserPhysicsList::RemoveProcessManager: remove ProcessManager from anti_doublehyperH4
G4VUserPhysicsList::RemoveProcessManager: remove ProcessManager from anti_doublehyperdoubleneutron
G4VUserPhysicsList::RemoveProcessManager: remove ProcessManager from anti_hyperH4
G4VUserPhysicsList::RemoveProcessManager: remove ProcessManager from anti_hyperHe5
G4VUserPhysicsList::RemoveProcessManager: remove ProcessManager from anti_hyperalpha
G4VUserPhysicsList::RemoveProcessManager: remove ProcessManager from anti_hypertriton
G4VUserPhysicsList::RemoveProcessManager: remove ProcessManager from anti_kaon0
G4VUserPhysicsList::RemoveProcessManager: remove ProcessManager from anti_lambda
G4VUserPhysicsList::RemoveProcessManager: remove ProcessManager from anti_neutron
G4VUserPhysicsList::RemoveProcessManager: remove ProcessManager from anti_nu_e
G4VUserPhysicsList::RemoveProcessManager: remove ProcessManager from anti_nu_mu
G4VUserPhysicsList::RemoveProcessManager: remove ProcessManager from anti_omega-
G4VUserPhysicsList::RemoveProcessManager: remove ProcessManager from anti_proton
G4VUserPhysicsList::RemoveProcessManager: remove ProcessManager from anti_sigma0
G4VUserPhysicsList::RemoveProcessManager: remove ProcessManager from anti_triton
G4VUserPhysicsList::RemoveProcessManager: remove ProcessManager from anti_xi-
G4VUserPhysicsList::RemoveProcessManager: remove ProcessManager from anti_xi0
G4VUserPhysicsList::RemoveProcessManager: remove ProcessManager from chargedgeantino
G4VUserPhysicsList::RemoveProcessManager: remove ProcessManager from deuteron
G4VUserPhysicsList::RemoveProcessManager: remove ProcessManager from doublehyperH4
G4VUserPhysicsList::RemoveProcessManager: remove ProcessManager from doublehyperdoubleneutron
G4VUserPhysicsList::RemoveProcessManager: remove ProcessManager from e+
G4VUserPhysicsList::RemoveProcessManager: remove ProcessManager from e-
G4VUserPhysicsList::RemoveProcessManager: remove ProcessManager from eta
G4VUserPhysicsList::RemoveProcessManager: remove ProcessManager from eta_prime
G4VUserPhysicsList::RemoveProcessManager: remove ProcessManager from gamma
G4VUserPhysicsList::RemoveProcessManager: remove ProcessManager from geantino
G4VUserPhysicsList::RemoveProcessManager: remove ProcessManager from hyperH4
G4VUserPhysicsList::RemoveProcessManager: remove ProcessManager from hyperHe5
G4VUserPhysicsList::RemoveProcessManager: remove ProcessManager from hyperalpha
G4VUserPhysicsList::RemoveProcessManager: remove ProcessManager from hypertriton
G4VUserPhysicsList::RemoveProcessManager: remove ProcessManager from kaon+
G4VUserPhysicsList::RemoveProcessManager: remove ProcessManager from kaon-
G4VUserPhysicsList::RemoveProcessManager: remove ProcessManager from kaon0
G4VUserPhysicsList::RemoveProcessManager: remove ProcessManager from kaon0L
G4VUserPhysicsList::RemoveProcessManager: remove ProcessManager from kaon0S
G4VUserPhysicsList::RemoveProcessManager: remove ProcessManager from lambda
G4VUserPhysicsList::RemoveProcessManager: remove ProcessManager from mu+
G4VUserPhysicsList::RemoveProcessManager: remove ProcessManager from mu-
G4VUserPhysicsList::RemoveProcessManager: remove ProcessManager from neutron
G4VUserPhysicsList::RemoveProcessManager: remove ProcessManager from nu_e
G4VUserPhysicsList::RemoveProcessManager: remove ProcessManager from nu_mu
G4VUserPhysicsList::RemoveProcessManager: remove ProcessManager from omega-
G4VUserPhysicsList::RemoveProcessManager: remove ProcessManager from pi+
G4VUserPhysicsList::RemoveProcessManager: remove ProcessManager from pi-
G4VUserPhysicsList::RemoveProcessManager: remove ProcessManager from pi0
G4VUserPhysicsList::RemoveProcessManager: remove ProcessManager from proton
G4VUserPhysicsList::RemoveProcessManager: remove ProcessManager from sigma+
G4VUserPhysicsList::RemoveProcessManager: remove ProcessManager from sigma-
G4VUserPhysicsList::RemoveProcessManager: remove ProcessManager from sigma0
G4VUserPhysicsList::RemoveProcessManager: remove ProcessManager from triton
G4VUserPhysicsList::RemoveProcessManager: remove ProcessManager from xi-
G4VUserPhysicsList::RemoveProcessManager: remove ProcessManager from xi0
UserPhysicsList deleted.
UserActionInitialization deleted.
UserWorkerInitialization deleted.
UserWorkerThreadInitialization deleted.
UserRunAction deleted.
Time simulated: 422.947
UserPrimaryGenerator deleted.
RunManager is deleting RunManagerKernel.
G4SDManager deleted.
EventManager deleted.
Units table cleared.
TransportationManager deleted.
Total navigation history collections cleaned: 15
G4RNGHelper object is deleted.
================== Deleting memory pools ===================
Pool ID '20G4NavigationLevelRep', size : 0.0221 MB
Pool ID '24G4ReferenceCountedHandleIvE', size : 0.000961 MB
Pool ID '16G4SmartVoxelNode', size : 0.0529 MB
Pool ID '17G4SmartVoxelProxy', size : 0.0317 MB
Pool ID '7G4Event', size : 0.000961 MB
Pool ID '15G4PrimaryVertex', size : 0.000961 MB
Pool ID '17G4PrimaryParticle', size : 0.000961 MB
Pool ID '15G4HCofThisEvent', size : 0.000961 MB
Pool ID '16G4HitsCollection', size : 0.000961 MB
Pool ID '17G4DynamicParticle', size : 0.0327 MB
Pool ID '7G4Track', size : 0.0654 MB
Pool ID '18G4TouchableHistory', size : 0.00192 MB
Pool ID '15G4CountedObjectIvE', size : 0.000961 MB
Number of memory pools allocated: 14; of which, static: 1
Dynamic pools deleted: 13 / Total memory freed: 0.22 MB
============================================================
G4Allocator objects are deleted.
UImanager deleted.
StateManager deleted.
RunManagerKernel is deleted. Good bye :)
RunManager is deleted.
The program finished successfully
[CORRECT] Geant4 done.
[INFO] Running makeHLTuple...
[INFO] ----- Libraries and tools successfully loaded, starting track correlations
Number of events 92776
Starting loop over events
[FINISHED] ----- Loop over events finished


----------------------------------------------------------------
92776 events has been processed trough the script makeHLTuple.py
Valid events: 29567, Invalid events: 0
----------------------------------------------------------------


[CORRECT] makeHLTuple done.
[INFO] Raw file removed to save space: /gpfs/projects/cms/dominguezs/data/0_raw_geant4/Out__Lpx128_Lpy128_Lpz128_npx128_npy128_npz128_zTop54_zBot-54_spacing5_ratio1_FontX16_FontY16_matsteel_wordMUON_stroke2_seed672342053.root
[INFO] Running POCA1...
[INFO] ----- Iniciando POCA (python entered)
[CORRECT] ----- basic libraries imported
[CORRECT] ----- ALL LIBRARIES successfully imported
Volume: [-64.0,64.0] x [-64.0,64.0] x [-64.0,64.0] cm
Grid:   128 x 128 x 128 voxels
Voxel size: 1.000 x 1.000 x 1.000 cm
[INFO] ----- Total input events: 29567
x1: min=-63.93, max=63.77, mean=-0.01, std=32.51
y1: min=-63.37, max=63.59, mean=0.17, std=32.41
z1: min=49.50, max=49.50, mean=49.50, std=0.00
vx1: min=-9.25, max=10.57, mean=0.00, std=0.36
vy1: min=-10.34, max=10.19, mean=0.00, std=0.37
vz1: min=-1.00, max=-1.00, mean=-1.00, std=0.00
x2: min=-63.83, max=63.92, mean=-0.29, std=34.09
y2: min=-63.91, max=63.85, mean=0.03, std=34.00
z2: min=-48.75, max=-48.75, mean=-48.75, std=0.00
vx2: min=-5.80, max=10.31, mean=0.00, std=0.35
vy2: min=-3.39, max=3.41, mean=0.00, std=0.34
vz2: min=-1.00, max=-1.00, mean=-1.00, std=0.00

--- First 20 rows ---
      x1       y1       z1      vx1      vy1      vz1       x2       y2       z2      vx2      vy2      vz2
   58.99    33.75    49.50     0.29     0.12    -1.00    30.22    22.36   -48.75     0.29     0.12    -1.00
  -29.68   -12.29    49.50    -0.43    -0.45    -1.00    12.17    32.02   -48.75    -0.43    -0.45    -1.00
  -38.10    37.39    49.50    -0.14     0.35    -1.00   -24.04     2.68   -48.75    -0.14     0.35    -1.00
  -16.46    20.49    49.50    -0.08    -0.05    -1.00    -8.86    24.92   -48.75    -0.08    -0.05    -1.00
   58.88    10.53    49.50     0.13     0.22    -1.00    46.04   -11.24   -48.75     0.13     0.22    -1.00
   45.34    58.91    49.50     0.22    -0.04    -1.00    23.93    62.48   -48.75     0.22    -0.04    -1.00
   32.91   -22.87    49.50     0.25    -0.21    -1.00     8.03    -1.94   -48.75     0.25    -0.21    -1.00
  -10.15    25.80    49.50    -0.26     0.11    -1.00    15.62    14.63   -48.75    -0.26     0.11    -1.00
  -45.52    13.29    49.50    -0.04     0.16    -1.00   -40.41    -3.40   -48.75    -0.06     0.18    -1.00
   42.50   -13.36    49.50     0.03    -0.30    -1.00    40.02    16.34   -48.75     0.03    -0.30    -1.00
   17.52   -22.19    49.50     0.33    -0.10    -1.00   -15.39   -12.02   -48.75     0.33    -0.10    -1.00
  -48.66    -2.46    49.50    -0.20    -0.35    -1.00   -28.22    31.33   -48.75    -0.22    -0.35    -1.00
   42.54   -29.79    49.50     0.16     0.14    -1.00    26.77   -43.65   -48.75     0.16     0.14    -1.00
   26.99    53.32    49.50    -0.17     0.72    -1.00    43.99   -17.76   -48.75    -0.17     0.72    -1.00
  -43.81    50.55    49.50    -0.71     0.26    -1.00    26.15    24.55   -48.75    -0.71     0.26    -1.00
   55.23    53.68    49.50     0.60    -0.09    -1.00    -3.41    62.54   -48.75     0.60    -0.09    -1.00
   26.14    22.62    49.50     0.04    -0.19    -1.00    21.87    41.01   -48.75     0.04    -0.19    -1.00
   22.57   -23.32    49.50     0.53     0.07    -1.00   -29.65   -30.46   -48.75     0.53     0.07    -1.00
  -31.29    46.40    49.50     0.21    -0.09    -1.00   -51.97    54.73   -48.75     0.21    -0.08    -1.00
  -19.49   -23.91    49.50    -0.09     0.22    -1.00   -10.23   -45.99   -48.75    -0.09     0.22    -1.00
poca_x_pre: min=nan, max=nan, mean=nan, std=nan
poca_y_pre: min=nan, max=nan, mean=nan, std=nan
poca_z_pre: min=nan, max=nan, mean=nan, std=nan
[INFO] ----- Current: Voxelization of POCA points...
[INFO] Events with valid denom (non-parallel): 104
[CORRECT] ----- POCA points and scattering angles saved to ROOT file.
[INFO] ----- TOTAL VALID POCA POINTS: 104
[CORRECT] POCA done.
[INFO] Aggressive cleanup: removing intermediate files...
[INFO] Cleanup finished. POCA output ready: /gpfs/projects/cms/dominguezs/data/3_merged_poca/POCA__Lpx128_Lpy128_Lpz128_npx128_npy128_npz128_zTop54_zBot-54_spacing5_ratio1_FontX16_FontY16_matsteel_wordMUON_stroke2_seed672342053.root
[CORRECT] Job finished: _Lpx128_Lpy128_Lpz128_npx128_npy128_npz128_zTop54_zBot-54_spacing5_ratio1_FontX16_FontY16_matsteel_wordMUON_stroke2 | seed=672342053
