[INFO] Starting merge for: _Lpx128_Lpy128_Lpz128_npx128_npy128_npz128_zTop54_zBot-54_spacing5_ratio1_FontX12_FontY12_mataluminium_wordMUON_stroke2
[INFO] Merging POCA files for: _Lpx128_Lpy128_Lpz128_npx128_npy128_npz128_zTop54_zBot-54_spacing5_ratio1_FontX12_FontY12_mataluminium_wordMUON_stroke2
[INFO] Processing 30 POCA1 files...
  [1/30] processed
  [3/30] processed
  [6/30] processed
  [9/30] processed
  [12/30] processed
  [15/30] processed
  [18/30] processed
  [21/30] processed
  [24/30] processed
  [27/30] processed
  [30/30] processed
[CORRECT] All 30 files merged successfully.

[CHANNELS] Computing 4-channel input for UNET1_2D...

[CH0] log(1 + N) - event counts per XY cell
      Shape: (128, 128, 1), min=0.0000, max=3.0445
      Non-zero cells: 13880/16384

[CH1] weighted_mean(z, weights=θ²) - z position weighted by scattering strength
      Shape: (128, 128, 1), min=-63.85311508, max=63.86336517
      Mean (where events exist): -0.28261867

[CH2] std(Z) - Z-coordinate std dev, thickness proxy
      Shape: (128, 128, 1), min=0.00000000, max=45.25483322
      Mean (where events exist): 0.99922127

[CH3] mean(top-20 θ²) - maximum scattering power indicator
      Shape: (128, 128, 1), min=0.00000000, max=5.08549213
      Mean (where events exist): 0.03634311

[OUTPUT] Stacking 4 channels...
         Final shape: (128, 128, 4)

[CORRECT] Merged result saved to: /gpfs/users/dominguezs/Muography_Denoising/MuonGeneration/data/merged_poca_data/UNET1/MERGED__Lpx128_Lpy128_Lpz128_npx128_npy128_npz128_zTop54_zBot-54_spacing5_ratio1_FontX12_FontY12_mataluminium_wordMUON_stroke2_Muons_900000_2D.npy
[INFO] Total accumulated events: 65055
[INFO] Load with: data = np.load('/gpfs/users/dominguezs/Muography_Denoising/MuonGeneration/data/merged_poca_data/UNET1/MERGED__Lpx128_Lpy128_Lpz128_npx128_npy128_npz128_zTop54_zBot-54_spacing5_ratio1_FontX12_FontY12_mataluminium_wordMUON_stroke2_Muons_900000_2D.npy', allow_pickle=True).item()
[INFO] Access training data: training = data['training_channels']
[CORRECT] Merge finished for: _Lpx128_Lpy128_Lpz128_npx128_npy128_npz128_zTop54_zBot-54_spacing5_ratio1_FontX12_FontY12_mataluminium_wordMUON_stroke2
[INFO] Removing splitted POCA files for: _Lpx128_Lpy128_Lpz128_npx128_npy128_npz128_zTop54_zBot-54_spacing5_ratio1_FontX12_FontY12_mataluminium_wordMUON_stroke2
[CORRECT] Split POCA files removed for: _Lpx128_Lpy128_Lpz128_npx128_npy128_npz128_zTop54_zBot-54_spacing5_ratio1_FontX12_FontY12_mataluminium_wordMUON_stroke2
[INFO] Cleaning up intermediate logs...
[CORRECT] Cleanup finished.
