=== Iniciando Test de Dimensiones de Matrices ===
------------------------------------------------
TEST PASADO: 60 matrices verificadas sin errores.
================================================
============================================================
[CORRECT] ----- Valid voxel dimensions (integers)  [CORRECT]
============================================================
[CORRECT] ----- Word matrix created successfully.
[INFO] Geometry slab center in Z: z=0.0 cm (thickness=20.0cm)
Inserted word (62x14) with thickness 20.0cm in XY: [57:71, 33:95]
[CORRECT] ----- Word voxels created successfully with efficient method (variable Z thickness).
[CORRECT] Upsampled from (128,128,128) to (128,128,128) using ratio=1
[INFO] Added 338 voxels from word geometry (efficient method)
[CORRECT] ----- Voxel dictionaries created successfully.
[CORRECT] ----- Full json file information created successfully.
[CORRECT] ----- Json file created successfully, available at: /gpfs/users/dominguezs/Muography_Denoising/MuonGeneration/data/geometric_configurations_json/_Lpx128_Lpy128_Lpz128_npx128_npy128_npz128_zTop54_zBot-54_spacing2_ratio1_FontX14_FontY14_matsteel_wordMUNO_stroke2_depthZ20.json
[CORRECT] ----- 2D geometry slice saved successfully at: /gpfs/users/dominguezs/Muography_Denoising/MuonGeneration/data/ground_truth_data/2Dimensions/UNET1/_Lpx128_Lpy128_Lpz128_npx128_npy128_npz128_zTop54_zBot-54_spacing2_ratio1_FontX14_FontY14_matsteel_wordMUNO_stroke2_depthZ20_ground_truth_density2D.npy
[INFO] ----- Visual testing enabled. Plotting XY slice of the geometry at the central Z voxel...
Traceback (most recent call last):
  File "/gpfs/users/dominguezs/Muography_Denoising/MuonGeneration/test/create_geometry.py", line 509, in <module>
    import matplotlib.pyplot as plt
ModuleNotFoundError: No module named 'matplotlib'
